Mar  7 10:52:25 workstation systemd[1]: Starting Flush Journal to Persistent Storage...
Mar  7 10:52:25 workstation systemd-modules-load[252]: Inserted module 'lp'
Mar  7 10:52:25 workstation systemd-modules-load[252]: Inserted module 'ppdev'
Mar  7 10:52:25 workstation systemd[1]: Started Create Static Device Nodes in /dev.
Mar  7 10:52:25 workstation systemd[1]: Starting udev Kernel Device Manager...
Mar  7 10:52:25 workstation kernel: [    0.000000] Linux version 4.15.0-20-generic (buildd@lgw01-amd64-039) (gcc version 7.3.0 (Ubuntu 7.3.0-16ubuntu3)) #21-Ubuntu SMP Tue Apr 24 06:16:15 UTC 2018 (Ubuntu 4.15.0-20.21-generic 4.15.17)
Mar  7 10:52:25 workstation systemd-modules-load[252]: Inserted module 'parport_pc'
Mar  7 10:52:25 workstation systemd[1]: Started Set the console keyboard layout.
Mar  7 10:52:25 workstation kernel: [    0.000000] Command line: BOOT_IMAGE=/boot/vmlinuz-4.15.0-20-generic root=UUID=4d81701f-b348-4a3e-8bce-9a901f6dc994 ro quiet splash
Mar  7 10:52:25 workstation kernel: [    0.000000] KERNEL supported cpus:
Mar  7 10:52:25 workstation kernel: [    0.000000]   Intel GenuineIntel
Mar  7 10:52:25 workstation systemd[1]: Reached target Local File Systems (Pre).
Mar  7 10:52:25 workstation kernel: [    0.000000]   AMD AuthenticAMD
Mar  7 10:52:25 workstation systemd[1]: Reached target Local File Systems.
Mar  7 10:52:25 workstation kernel: [    0.000000]   Centaur CentaurHauls
Mar  7 10:52:25 workstation kernel: [    0.000000] x86/fpu: Supporting XSAVE feature 0x001: 'x87 floating point registers'
Mar  7 10:52:25 workstation kernel: [    0.000000] x86/fpu: Supporting XSAVE feature 0x002: 'SSE registers'
Mar  7 10:52:25 workstation kernel: [    0.000000] x86/fpu: Supporting XSAVE feature 0x004: 'AVX registers'
Mar  7 10:52:25 workstation systemd[1]: Starting Commit a transient machine-id on disk...
Mar  7 10:52:25 workstation kernel: [    0.000000] x86/fpu: xstate_offset[2]:  576, xstate_sizes[2]:  256
Mar  7 10:52:25 workstation kernel: [    0.000000] x86/fpu: Enabled xstate features 0x7, context size is 832 bytes, using 'standard' format.
Mar  7 10:52:25 workstation systemd[1]: Starting Tell Plymouth To Write Out Runtime Data...
Mar  7 10:52:25 workstation kernel: [    0.000000] e820: BIOS-provided physical RAM map:
Mar  7 10:52:25 workstation kernel: [    0.000000] BIOS-e820: [mem 0x0000000000000000-0x000000000009fbff] usable
Mar  7 10:52:25 workstation kernel: [    0.000000] BIOS-e820: [mem 0x000000000009fc00-0x000000000009ffff] reserved
Mar  7 10:52:25 workstation kernel: [    0.000000] BIOS-e820: [mem 0x00000000000f0000-0x00000000000fffff] reserved
Mar  7 10:52:25 workstation kernel: [    0.000000] BIOS-e820: [mem 0x0000000000100000-0x00000000dffeffff] usable
Mar  7 10:52:25 workstation kernel: [    0.000000] BIOS-e820: [mem 0x00000000dfff0000-0x00000000dfffffff] ACPI data
Mar  7 10:52:25 workstation systemd[1]: Starting Set console font and keymap...
Mar  7 10:52:25 workstation kernel: [    0.000000] BIOS-e820: [mem 0x00000000fec00000-0x00000000fec00fff] reserved
Mar  7 10:52:25 workstation kernel: [    0.000000] BIOS-e820: [mem 0x00000000fee00000-0x00000000fee00fff] reserved
Mar  7 10:52:25 workstation kernel: [    0.000000] BIOS-e820: [mem 0x00000000fffc0000-0x00000000ffffffff] reserved
Mar  7 10:52:25 workstation kernel: [    0.000000] BIOS-e820: [mem 0x0000000100000000-0x0000000119ffffff] usable
Mar  7 10:52:25 workstation kernel: [    0.000000] NX (Execute Disable) protection: active
Mar  7 10:52:25 workstation kernel: [    0.000000] random: fast init done
Mar  7 10:52:25 workstation systemd[1]: Starting AppArmor initialization...
Mar  7 10:52:25 workstation kernel: [    0.000000] SMBIOS 2.5 present.
Mar  7 10:52:25 workstation kernel: [    0.000000] DMI: innotek GmbH VirtualBox/VirtualBox, BIOS VirtualBox 12/01/2006
Mar  7 10:52:25 workstation systemd[1]: Starting Clean up any mess left by 0dns-up...
Mar  7 10:52:25 workstation kernel: [    0.000000] Hypervisor detected: KVM
Mar  7 10:52:25 workstation kernel: [    0.000000] e820: update [mem 0x00000000-0x00000fff] usable ==> reserved
Mar  7 10:52:25 workstation kernel: [    0.000000] e820: remove [mem 0x000a0000-0x000fffff] usable
Mar  7 10:52:25 workstation kernel: [    0.000000] e820: last_pfn = 0x11a000 max_arch_pfn = 0x400000000
Mar  7 10:52:25 workstation kernel: [    0.000000] MTRR default type: uncachable
Mar  7 10:52:25 workstation systemd[1]: Started Load Kernel Modules.
Mar  7 10:52:25 workstation systemd[1]: Mounting Kernel Configuration File System...
Mar  7 10:52:25 workstation kernel: [    0.000000] MTRR variable ranges disabled:
Mar  7 10:52:25 workstation kernel: [    0.000000] MTRR: Disabled
Mar  7 10:52:25 workstation kernel: [    0.000000] x86/PAT: MTRRs disabled, skipping PAT initialization too.
Mar  7 10:52:25 workstation kernel: [    0.000000] CPU MTRRs all blank - virtualized system.
Mar  7 10:52:25 workstation kernel: [    0.000000] x86/PAT: Configuration [0-7]: WB  WT  UC- UC  WB  WT  UC- UC  
Mar  7 10:52:25 workstation systemd[1]: Mounting FUSE Control File System...
Mar  7 10:52:25 workstation kernel: [    0.000000] e820: last_pfn = 0xdfff0 max_arch_pfn = 0x400000000
Mar  7 10:52:25 workstation kernel: [    0.000000] found SMP MP-table at [mem 0x0009fff0-0x0009ffff] mapped at [        (ptrval)]
Mar  7 10:52:25 workstation kernel: [    0.000000] Scanning 1 areas for low memory corruption
Mar  7 10:52:25 workstation systemd[1]: Starting Apply Kernel Variables...
Mar  7 10:52:25 workstation kernel: [    0.000000] Base memory trampoline at [        (ptrval)] 99000 size 24576
Mar  7 10:52:25 workstation kernel: [    0.000000] BRK [0x8493e000, 0x8493efff] PGTABLE
Mar  7 10:52:25 workstation kernel: [    0.000000] BRK [0x8493f000, 0x8493ffff] PGTABLE
Mar  7 10:52:25 workstation kernel: [    0.000000] BRK [0x84940000, 0x84940fff] PGTABLE
Mar  7 10:52:25 workstation kernel: [    0.000000] BRK [0x84941000, 0x84941fff] PGTABLE
Mar  7 10:52:25 workstation kernel: [    0.000000] BRK [0x84942000, 0x84942fff] PGTABLE
Mar  7 10:52:25 workstation systemd[1]: Mounted Kernel Configuration File System.
Mar  7 10:52:25 workstation kernel: [    0.000000] BRK [0x84943000, 0x84943fff] PGTABLE
Mar  7 10:52:25 workstation kernel: [    0.000000] BRK [0x84944000, 0x84944fff] PGTABLE
Mar  7 10:52:25 workstation kernel: [    0.000000] RAMDISK: [mem 0x31967000-0x34caafff]
Mar  7 10:52:25 workstation kernel: [    0.000000] ACPI: Early table checksum verification disabled
Mar  7 10:52:25 workstation kernel: [    0.000000] ACPI: RSDP 0x00000000000E0000 000024 (v02 VBOX  )
Mar  7 10:52:25 workstation kernel: [    0.000000] ACPI: XSDT 0x00000000DFFF0030 00003C (v01 VBOX   VBOXXSDT 00000001 ASL  00000061)
Mar  7 10:52:25 workstation kernel: [    0.000000] ACPI: FACP 0x00000000DFFF00F0 0000F4 (v04 VBOX   VBOXFACP 00000001 ASL  00000061)
Mar  7 10:52:25 workstation kernel: [    0.000000] ACPI: DSDT 0x00000000DFFF0620 002353 (v02 VBOX   VBOXBIOS 00000002 INTL 20100528)
Mar  7 10:52:25 workstation kernel: [    0.000000] ACPI: FACS 0x00000000DFFF0200 000040
Mar  7 10:52:25 workstation kernel: [    0.000000] ACPI: FACS 0x00000000DFFF0200 000040
Mar  7 10:52:25 workstation kernel: [    0.000000] ACPI: APIC 0x00000000DFFF0240 00006C (v02 VBOX   VBOXAPIC 00000001 ASL  00000061)
Mar  7 10:52:25 workstation kernel: [    0.000000] ACPI: SSDT 0x00000000DFFF02B0 00036C (v01 VBOX   VBOXCPUT 00000002 INTL 20100528)
Mar  7 10:52:25 workstation systemd[1]: Mounted FUSE Control File System.
Mar  7 10:52:25 workstation systemd[1]: Activated swap /swapfile.
Mar  7 10:52:25 workstation systemd[1]: Reached target Swap.
Mar  7 10:52:25 workstation systemd[1]: Started Flush Journal to Persistent Storage.
Mar  7 10:52:25 workstation systemd[1]: Starting Create Volatile Files and Directories...
Mar  7 10:52:25 workstation systemd[1]: Started Set console font and keymap.
Mar  7 10:52:25 workstation kernel: [    0.000000] ACPI: Local APIC address 0xfee00000
Mar  7 10:52:25 workstation systemd[1]: Started Tell Plymouth To Write Out Runtime Data.
Mar  7 10:52:25 workstation kernel: [    0.000000] No NUMA configuration found
Mar  7 10:52:25 workstation systemd[1]: Started Apply Kernel Variables.
Mar  7 10:52:25 workstation kernel: [    0.000000] Faking a node at [mem 0x0000000000000000-0x0000000119ffffff]
Mar  7 10:52:25 workstation kernel: [    0.000000] NODE_DATA(0) allocated [mem 0x119fd3000-0x119ffdfff]
Mar  7 10:52:25 workstation kernel: [    0.000000] kvm-clock: cpu 0, msr 1:19f52001, primary cpu clock
Mar  7 10:52:25 workstation kernel: [    0.000000] kvm-clock: Using msrs 4b564d01 and 4b564d00
Mar  7 10:52:25 workstation systemd[1]: Started Create Volatile Files and Directories.
Mar  7 10:52:25 workstation systemd[1]: Starting Update UTMP about System Boot/Shutdown...
Mar  7 10:52:25 workstation systemd[1]: Starting Network Time Synchronization...
Mar  7 10:52:25 workstation systemd[1]: Starting Network Name Resolution...
Mar  7 10:52:25 workstation systemd[1]: Started Commit a transient machine-id on disk.
Mar  7 10:52:25 workstation kernel: [    0.000000] kvm-clock: using sched offset of 4427259403 cycles
Mar  7 10:52:25 workstation systemd[1]: Started udev Kernel Device Manager.
Mar  7 10:52:25 workstation systemd[1]: Starting Show Plymouth Boot Screen...
Mar  7 10:52:25 workstation kernel: [    0.000000] clocksource: kvm-clock: mask: 0xffffffffffffffff max_cycles: 0x1cd42e4dffb, max_idle_ns: 881590591483 ns
Mar  7 10:52:25 workstation kernel: [    0.000000] Zone ranges:
Mar  7 10:52:25 workstation kernel: [    0.000000]   DMA      [mem 0x0000000000001000-0x0000000000ffffff]
Mar  7 10:52:25 workstation apparmor[279]:  * Starting AppArmor profiles
Mar  7 10:52:25 workstation kernel: [    0.000000]   DMA32    [mem 0x0000000001000000-0x00000000ffffffff]
Mar  7 10:52:25 workstation kernel: [    0.000000]   Normal   [mem 0x0000000100000000-0x0000000119ffffff]
Mar  7 10:52:25 workstation kernel: [    0.000000]   Device   empty
Mar  7 10:52:25 workstation kernel: [    0.000000] Movable zone start for each node
Mar  7 10:52:25 workstation systemd[1]: Started Update UTMP about System Boot/Shutdown.
Mar  7 10:52:25 workstation kernel: [    0.000000] Early memory node ranges
Mar  7 10:52:25 workstation kernel: [    0.000000]   node   0: [mem 0x0000000000001000-0x000000000009efff]
Mar  7 10:52:25 workstation kernel: [    0.000000]   node   0: [mem 0x0000000000100000-0x00000000dffeffff]
Mar  7 10:52:25 workstation kernel: [    0.000000]   node   0: [mem 0x0000000100000000-0x0000000119ffffff]
Mar  7 10:52:25 workstation kernel: [    0.000000] Initmem setup node 0 [mem 0x0000000000001000-0x0000000119ffffff]
Mar  7 10:52:25 workstation systemd[1]: Started Clean up any mess left by 0dns-up.
Mar  7 10:52:25 workstation kernel: [    0.000000] On node 0 totalpages: 1023886
Mar  7 10:52:25 workstation kernel: [    0.000000]   DMA zone: 64 pages used for memmap
Mar  7 10:52:25 workstation kernel: [    0.000000]   DMA zone: 21 pages reserved
Mar  7 10:52:25 workstation kernel: [    0.000000]   DMA zone: 3998 pages, LIFO batch:0
Mar  7 10:52:25 workstation systemd-udevd[315]: link_config: autonegotiation is unset or enabled, the speed and duplex are not writable.
Mar  7 10:52:25 workstation systemd[1]: Started Network Time Synchronization.
Mar  7 10:52:25 workstation systemd[1]: Reached target System Time Synchronized.
Mar  7 10:52:25 workstation systemd-resolved[299]: Positive Trust Anchors:
Mar  7 10:52:25 workstation systemd-resolved[299]: . IN DS 19036 8 2 49aac11d7b6f6446702e54a1607371607a1a41855200fd2ce1cdde32f24e8fb5
Mar  7 10:52:25 workstation systemd-resolved[299]: . IN DS 20326 8 2 e06d44b80b8f1d39a95c0b0d7c65d08458e880409bbc683457104237c7f8ec8d
Mar  7 10:52:25 workstation kernel: [    0.000000]   DMA32 zone: 14272 pages used for memmap
Mar  7 10:52:25 workstation kernel: [    0.000000]   DMA32 zone: 913392 pages, LIFO batch:31
Mar  7 10:52:25 workstation kernel: [    0.000000]   Normal zone: 1664 pages used for memmap
Mar  7 10:52:25 workstation systemd-resolved[299]: Negative trust anchors: 10.in-addr.arpa 16.172.in-addr.arpa 17.172.in-addr.arpa 18.172.in-addr.arpa 19.172.in-addr.arpa 20.172.in-addr.arpa 21.172.in-addr.arpa 22.172.in-addr.arpa 23.172.in-addr.arpa 24.172.in-addr.arpa 25.172.in-addr.arpa 26.172.in-addr.arpa 27.172.in-addr.arpa 28.172.in-addr.arpa 29.172.in-addr.arpa 30.172.in-addr.arpa 31.172.in-addr.arpa 168.192.in-addr.arpa d.f.ip6.arpa corp home internal intranet lan local private test
Mar  7 10:52:25 workstation kernel: [    0.000000]   Normal zone: 106496 pages, LIFO batch:31
Mar  7 10:52:25 workstation kernel: [    0.000000] Reserved but unavailable: 98 pages
Mar  7 10:52:25 workstation mtp-probe: checking bus 2, device 2: "/sys/devices/pci0000:00/0000:00:06.0/usb2/2-1"
Mar  7 10:52:25 workstation kernel: [    0.000000] ACPI: PM-Timer IO Port: 0x4008
Mar  7 10:52:25 workstation kernel: [    0.000000] ACPI: Local APIC address 0xfee00000
Mar  7 10:52:25 workstation kernel: [    0.000000] IOAPIC[0]: apic_id 4, version 32, address 0xfec00000, GSI 0-23
Mar  7 10:52:25 workstation kernel: [    0.000000] ACPI: INT_SRC_OVR (bus 0 bus_irq 0 global_irq 2 dfl dfl)
Mar  7 10:52:25 workstation kernel: [    0.000000] ACPI: INT_SRC_OVR (bus 0 bus_irq 9 global_irq 9 low level)
Mar  7 10:52:25 workstation mtp-probe: bus: 2, device: 2 was not an MTP device
Mar  7 10:52:25 workstation kernel: [    0.000000] ACPI: IRQ0 used by override.
Mar  7 10:52:25 workstation kernel: [    0.000000] ACPI: IRQ9 used by override.
Mar  7 10:52:25 workstation kernel: [    0.000000] Using ACPI (MADT) for SMP configuration information
Mar  7 10:52:25 workstation systemd-resolved[299]: Using system hostname 'workstation'.
Mar  7 10:52:25 workstation kernel: [    0.000000] smpboot: Allowing 4 CPUs, 0 hotplug CPUs
Mar  7 10:52:25 workstation kernel: [    0.000000] PM: Registered nosave memory: [mem 0x00000000-0x00000fff]
Mar  7 10:52:25 workstation kernel: [    0.000000] PM: Registered nosave memory: [mem 0x0009f000-0x0009ffff]
Mar  7 10:52:25 workstation kernel: [    0.000000] PM: Registered nosave memory: [mem 0x000a0000-0x000effff]
Mar  7 10:52:25 workstation systemd[1]: Started Network Name Resolution.
Mar  7 10:52:25 workstation kernel: [    0.000000] PM: Registered nosave memory: [mem 0x000f0000-0x000fffff]
Mar  7 10:52:25 workstation kernel: [    0.000000] PM: Registered nosave memory: [mem 0xdfff0000-0xdfffffff]
Mar  7 10:52:25 workstation kernel: [    0.000000] PM: Registered nosave memory: [mem 0xe0000000-0xfebfffff]
Mar  7 10:52:25 workstation kernel: [    0.000000] PM: Registered nosave memory: [mem 0xfec00000-0xfec00fff]
Mar  7 10:52:25 workstation kernel: [    0.000000] PM: Registered nosave memory: [mem 0xfec01000-0xfedfffff]
Mar  7 10:52:25 workstation systemd[1]: Reached target Host and Network Name Lookups.
Mar  7 10:52:25 workstation kernel: [    0.000000] PM: Registered nosave memory: [mem 0xfee00000-0xfee00fff]
Mar  7 10:52:25 workstation kernel: [    0.000000] PM: Registered nosave memory: [mem 0xfee01000-0xfffbffff]
Mar  7 10:52:25 workstation kernel: [    0.000000] PM: Registered nosave memory: [mem 0xfffc0000-0xffffffff]
Mar  7 10:52:25 workstation kernel: [    0.000000] e820: [mem 0xe0000000-0xfebfffff] available for PCI devices
Mar  7 10:52:25 workstation kernel: [    0.000000] Booting paravirtualized kernel on KVM
Mar  7 10:52:25 workstation apparmor[279]: Skipping profile in /etc/apparmor.d/disable: usr.bin.firefox
Mar  7 10:52:25 workstation kernel: [    0.000000] clocksource: refined-jiffies: mask: 0xffffffff max_cycles: 0xffffffff, max_idle_ns: 7645519600211568 ns
Mar  7 10:52:25 workstation kernel: [    0.000000] setup_percpu: NR_CPUS:8192 nr_cpumask_bits:4 nr_cpu_ids:4 nr_node_ids:1
Mar  7 10:52:25 workstation kernel: [    0.000000] percpu: Embedded 46 pages/cpu @        (ptrval) s151552 r8192 d28672 u524288
Mar  7 10:52:25 workstation systemd-udevd[306]: link_config: autonegotiation is unset or enabled, the speed and duplex are not writable.
Mar  7 10:52:25 workstation kernel: [    0.000000] pcpu-alloc: s151552 r8192 d28672 u524288 alloc=1*2097152
Mar  7 10:52:25 workstation kernel: [    0.000000] pcpu-alloc: [0] 0 1 2 3 
Mar  7 10:52:25 workstation kernel: [    0.000000] PV qspinlock hash table entries: 256 (order: 0, 4096 bytes)
Mar  7 10:52:25 workstation kernel: [    0.000000] Built 1 zonelists, mobility grouping on.  Total pages: 1007865
Mar  7 10:52:25 workstation systemd[1]: Listening on Load/Save RF Kill Switch Status /dev/rfkill Watch.
Mar  7 10:52:25 workstation kernel: [    0.000000] Policy zone: Normal
Mar  7 10:52:25 workstation kernel: [    0.000000] Kernel command line: BOOT_IMAGE=/boot/vmlinuz-4.15.0-20-generic root=UUID=4d81701f-b348-4a3e-8bce-9a901f6dc994 ro quiet splash
Mar  7 10:52:25 workstation apparmor[279]: Skipping profile in /etc/apparmor.d/disable: usr.sbin.rsyslogd
Mar  7 10:52:25 workstation apparmor[279]:    ...done.
Mar  7 10:52:25 workstation systemd[1]: Started AppArmor initialization.
Mar  7 10:52:25 workstation systemd[1]: Starting Raise network interfaces...
Mar  7 10:52:25 workstation systemd[1]: Received SIGRTMIN+20 from PID 328 (plymouthd).
Mar  7 10:52:25 workstation systemd[1]: Started Show Plymouth Boot Screen.
Mar  7 10:52:25 workstation systemd[1]: Started Forward Password Requests to Plymouth Directory Watch.
Mar  7 10:52:25 workstation systemd[1]: Reached target Local Encrypted Volumes.
Mar  7 10:52:25 workstation systemd[1]: Reached target System Initialization.
Mar  7 10:52:25 workstation systemd[1]: Started ACPI Events Check.
Mar  7 10:52:25 workstation systemd[1]: Listening on ACPID Listen Socket.
Mar  7 10:52:25 workstation systemd[1]: Listening on D-Bus System Message Bus Socket.
Mar  7 10:52:25 workstation systemd[1]: Started Daily apt download activities.
Mar  7 10:52:25 workstation systemd[1]: Started Daily apt upgrade and clean activities.
Mar  7 10:52:25 workstation systemd[1]: Started CUPS Scheduler.
Mar  7 10:52:25 workstation systemd[1]: Reached target Paths.
Mar  7 10:52:25 workstation systemd[1]: Listening on UUID daemon activation socket.
Mar  7 10:52:25 workstation systemd[1]: Listening on CUPS Scheduler.
Mar  7 10:52:25 workstation systemd[1]: Listening on Avahi mDNS/DNS-SD Stack Activation Socket.
Mar  7 10:52:25 workstation systemd[1]: Starting Socket activation for snappy daemon.
Mar  7 10:52:25 workstation systemd[1]: Started Daily Cleanup of Temporary Directories.
Mar  7 10:52:25 workstation systemd[1]: Started Trigger anacron every hour.
Mar  7 10:52:25 workstation systemd[1]: Started Discard unused blocks once a week.
Mar  7 10:52:25 workstation systemd[1]: Started Message of the Day.
Mar  7 10:52:25 workstation systemd[1]: Reached target Timers.
Mar  7 10:52:25 workstation systemd[1]: Listening on Socket activation for snappy daemon.
Mar  7 10:52:25 workstation systemd[1]: Reached target Sockets.
Mar  7 10:52:25 workstation systemd[1]: Reached target Basic System.
Mar  7 10:52:25 workstation systemd[1]: Starting Disk Manager...
Mar  7 10:52:25 workstation systemd[1]: Starting Restore /etc/resolv.conf if the system crashed before the ppp link was shut down...
Mar  7 10:52:25 workstation systemd[1]: Started Regular background program processing daemon.
Mar  7 10:52:25 workstation systemd[1]: Starting Detect the available GPUs and deal with any system changes...
Mar  7 10:52:25 workstation systemd[1]: Starting Thermal Daemon Service...
Mar  7 10:52:25 workstation systemd[1]: Started CUPS Scheduler.
Mar  7 10:52:25 workstation cron[505]: (CRON) INFO (pidfile fd = 3)
Mar  7 10:52:25 workstation gpu-manager[506]: /etc/modprobe.d is not a file
Mar  7 10:52:25 workstation gpu-manager[506]: message repeated 2 times: [ /etc/modprobe.d is not a file]
Mar  7 10:52:25 workstation cron[505]: (CRON) INFO (Running @reboot jobs)
Mar  7 10:52:25 workstation systemd[1]: Starting Dispatcher daemon for systemd-networkd...
Mar  7 10:52:25 workstation systemd[1]: Started D-Bus System Message Bus.
Mar  7 10:52:25 workstation udisksd[494]: udisks daemon version 2.7.6 starting
Mar  7 10:52:25 workstation gpu-manager[506]: /etc/modprobe.d is not a file
Mar  7 10:52:25 workstation gpu-manager[506]: Error: can't open /lib/modules/4.15.0-20-generic/updates/dkms
Mar  7 10:52:25 workstation kernel: [    0.000000] Calgary: detecting Calgary via BIOS EBDA area
Mar  7 10:52:25 workstation kernel: [    0.000000] Calgary: Unable to locate Rio Grande table in EBDA - bailing!
Mar  7 10:52:25 workstation kernel: [    0.000000] Memory: 3882036K/4095544K available (12300K kernel code, 2470K rwdata, 4240K rodata, 2404K init, 2416K bss, 213508K reserved, 0K cma-reserved)
Mar  7 10:52:25 workstation kernel: [    0.000000] SLUB: HWalign=64, Order=0-3, MinObjects=0, CPUs=4, Nodes=1
Mar  7 10:52:25 workstation kernel: [    0.000000] ftrace: allocating 39065 entries in 153 pages
Mar  7 10:52:25 workstation kernel: [    0.004000] Hierarchical RCU implementation.
Mar  7 10:52:25 workstation gpu-manager[506]: Error: can't open /lib/modules/4.15.0-20-generic/updates/dkms
Mar  7 10:52:25 workstation dbus-daemon[529]: dbus[529]: Unknown group "power" in message bus configuration file
Mar  7 10:52:25 workstation kernel: [    0.004000] 	RCU restricting CPUs from NR_CPUS=8192 to nr_cpu_ids=4.
Mar  7 10:52:25 workstation kernel: [    0.004000] 	Tasks RCU enabled.
Mar  7 10:52:25 workstation kernel: [    0.004000] RCU: Adjusting geometry for rcu_fanout_leaf=16, nr_cpu_ids=4
Mar  7 10:52:25 workstation kernel: [    0.004000] NR_IRQS: 524544, nr_irqs: 456, preallocated irqs: 16
Mar  7 10:52:25 workstation kernel: [    0.004000] Console: colour VGA+ 80x25
Mar  7 10:52:25 workstation dbus-daemon[529]: [system] AppArmor D-Bus mediation is enabled
Mar  7 10:52:25 workstation kernel: [    0.004000] console [tty0] enabled
Mar  7 10:52:25 workstation kernel: [    0.004000] ACPI: Core revision 20170831
Mar  7 10:52:25 workstation kernel: [    0.004000] ACPI: 2 ACPI AML tables successfully acquired and loaded
Mar  7 10:52:25 workstation kernel: [    0.004000] APIC: Switch to symmetric I/O mode setup
Mar  7 10:52:25 workstation systemd[1]: Starting Network Manager...
Mar  7 10:52:25 workstation kernel: [    0.004000] x2apic enabled
Mar  7 10:52:25 workstation kernel: [    0.004000] Switched APIC routing to physical x2apic.
Mar  7 10:52:25 workstation kernel: [    0.004000] ..TIMER: vector=0x30 apic1=0 pin1=2 apic2=-1 pin2=-1
Mar  7 10:52:25 workstation kernel: [    0.004000] tsc: Detected 2688.000 MHz processor
Mar  7 10:52:25 workstation kernel: [    0.004000] Calibrating delay loop (skipped) preset value.. 5376.00 BogoMIPS (lpj=10752000)
Mar  7 10:52:25 workstation kernel: [    0.004000] pid_max: default: 32768 minimum: 301
Mar  7 10:52:25 workstation kernel: [    0.004000] Security Framework initialized
Mar  7 10:52:25 workstation kernel: [    0.004000] Yama: becoming mindful.
Mar  7 10:52:25 workstation kernel: [    0.004000] AppArmor: AppArmor initialized
Mar  7 10:52:25 workstation kernel: [    0.004000] Dentry cache hash table entries: 524288 (order: 10, 4194304 bytes)
Mar  7 10:52:25 workstation systemd[1]: Starting WPA supplicant...
Mar  7 10:52:25 workstation systemd[1]: Starting Avahi mDNS/DNS-SD Stack...
Mar  7 10:52:25 workstation thermald[507]: NO RAPL sysfs present
Mar  7 10:52:25 workstation thermald[507]: 22 CPUID levels; family:model:stepping 0x6:8d:1 (6:141:1)
Mar  7 10:52:25 workstation kernel: [    0.004000] Inode-cache hash table entries: 262144 (order: 9, 2097152 bytes)
Mar  7 10:52:25 workstation thermald[507]:  Need Linux PowerCap sysfs
Mar  7 10:52:25 workstation kernel: [    0.004000] Mount-cache hash table entries: 8192 (order: 4, 65536 bytes)
Mar  7 10:52:25 workstation systemd[1]: Starting Login Service...
Mar  7 10:52:25 workstation kernel: [    0.004000] Mountpoint-cache hash table entries: 8192 (order: 4, 65536 bytes)
Mar  7 10:52:25 workstation kernel: [    0.004000] CPU: Physical Processor ID: 0
Mar  7 10:52:25 workstation kernel: [    0.004000] CPU: Processor Core ID: 0
Mar  7 10:52:25 workstation kernel: [    0.004000] mce: CPU supports 0 MCE banks
Mar  7 10:52:25 workstation kernel: [    0.004000] Last level iTLB entries: 4KB 0, 2MB 0, 4MB 0
Mar  7 10:52:25 workstation kernel: [    0.004000] Last level dTLB entries: 4KB 0, 2MB 0, 4MB 0, 1GB 0
Mar  7 10:52:25 workstation systemd[1]: Starting System Logging Service...
Mar  7 10:52:25 workstation kernel: [    0.004000] Spectre V2 : Mitigation: Full generic retpoline
Mar  7 10:52:25 workstation kernel: [    0.004000] Spectre V2 : Spectre v2 mitigation: Filling RSB on context switch
Mar  7 10:52:25 workstation kernel: [    0.004000] Freeing SMP alternatives memory: 36K
Mar  7 10:52:25 workstation kernel: [    0.008000] smpboot: CPU0: 11th Gen Intel(R) Core(TM) i5-11400H @ 2.70GHz (family: 0x6, model: 0x8d, stepping: 0x1)
Mar  7 10:52:25 workstation kernel: [    0.008000] Performance Events: unsupported p6 CPU model 141 no PMU driver, software events only.
Mar  7 10:52:25 workstation kernel: [    0.008000] Hierarchical SRCU implementation.
Mar  7 10:52:25 workstation kernel: [    0.008000] NMI watchdog: Perf event create on CPU 0 failed with -2
Mar  7 10:52:25 workstation systemd[1]: Started ACPI event daemon.
Mar  7 10:52:25 workstation kernel: [    0.008000] NMI watchdog: Perf NMI watchdog permanently disabled
Mar  7 10:52:25 workstation kernel: [    0.008000] smp: Bringing up secondary CPUs ...
Mar  7 10:52:25 workstation kernel: [    0.008000] x86: Booting SMP configuration:
Mar  7 10:52:25 workstation kernel: [    0.008000] .... node  #0, CPUs:      #1
Mar  7 10:52:25 workstation kernel: [    0.004000] kvm-clock: cpu 1, msr 1:19f52041, secondary cpu clock
Mar  7 10:52:25 workstation kernel: [    0.004000] mce: CPU supports 0 MCE banks
Mar  7 10:52:25 workstation systemd[1]: Starting LSB: Speech Dispatcher...
Mar  7 10:52:25 workstation kernel: [    0.008071]  #2
Mar  7 10:52:25 workstation kernel: [    0.004000] kvm-clock: cpu 2, msr 1:19f52081, secondary cpu clock
Mar  7 10:52:25 workstation kernel: [    0.004000] mce: CPU supports 0 MCE banks
Mar  7 10:52:25 workstation kernel: [    0.010423]  #3
Mar  7 10:52:25 workstation kernel: [    0.004000] kvm-clock: cpu 3, msr 1:19f520c1, secondary cpu clock
Mar  7 10:52:25 workstation kernel: [    0.004000] mce: CPU supports 0 MCE banks
Mar  7 10:52:25 workstation thermald[507]: Unsupported cpu model, use thermal-conf.xml file or run with --ignore-cpuid-check
Mar  7 10:52:25 workstation kernel: [    0.012033] smp: Brought up 1 node, 4 CPUs
Mar  7 10:52:25 workstation kernel: [    0.012033] smpboot: Max logical packages: 1
Mar  7 10:52:25 workstation kernel: [    0.012033] smpboot: Total of 4 processors activated (21504.00 BogoMIPS)
Mar  7 10:52:25 workstation kernel: [    0.012175] devtmpfs: initialized
Mar  7 10:52:25 workstation kernel: [    0.012175] x86/mm: Memory block size: 128MB
Mar  7 10:52:25 workstation kernel: [    0.012324] evm: security.selinux
Mar  7 10:52:25 workstation kernel: [    0.012324] evm: security.SMACK64
Mar  7 10:52:25 workstation thermald[507]: THD engine start failed
Mar  7 10:52:25 workstation kernel: [    0.012325] evm: security.SMACK64EXEC
Mar  7 10:52:25 workstation kernel: [    0.012325] evm: security.SMACK64TRANSMUTE
Mar  7 10:52:25 workstation kernel: [    0.012326] evm: security.SMACK64MMAP
Mar  7 10:52:25 workstation kernel: [    0.012326] evm: security.apparmor
Mar  7 10:52:25 workstation kernel: [    0.012327] evm: security.ima
Mar  7 10:52:25 workstation systemd[1]: Started irqbalance daemon.
Mar  7 10:52:25 workstation kernel: [    0.012327] evm: security.capability
Mar  7 10:52:25 workstation kernel: [    0.012363] clocksource: jiffies: mask: 0xffffffff max_cycles: 0xffffffff, max_idle_ns: 7645041785100000 ns
Mar  7 10:52:25 workstation kernel: [    0.012363] futex hash table entries: 1024 (order: 4, 65536 bytes)
Mar  7 10:52:25 workstation kernel: [    0.012363] pinctrl core: initialized pinctrl subsystem
Mar  7 10:52:25 workstation kernel: [    0.012363] RTC time:  2:52:21, date: 03/07/24
Mar  7 10:52:25 workstation systemd[1]: Starting LSB: Record successful boot for GRUB...
Mar  7 10:52:25 workstation kernel: [    0.012363] NET: Registered protocol family 16
Mar  7 10:52:25 workstation kernel: [    0.012363] audit: initializing netlink subsys (disabled)
Mar  7 10:52:25 workstation kernel: [    0.012363] audit: type=2000 audit(1709780048.011:1): state=initialized audit_enabled=0 res=1
Mar  7 10:52:25 workstation kernel: [    0.012363] cpuidle: using governor ladder
Mar  7 10:52:25 workstation kernel: [    0.012363] cpuidle: using governor menu
Mar  7 10:52:25 workstation kernel: [    0.012363] ACPI: bus type PCI registered
Mar  7 10:52:25 workstation kernel: [    0.012363] acpiphp: ACPI Hot Plug PCI Controller Driver version: 0.5
Mar  7 10:52:25 workstation kernel: [    0.012363] PCI: Using configuration type 1 for base access
Mar  7 10:52:25 workstation kernel: [    0.016026] HugeTLB registered 2.00 MiB page size, pre-allocated 0 pages
Mar  7 10:52:25 workstation systemd[1]: Reached target Login Prompts.
Mar  7 10:52:25 workstation kernel: [    0.016062] ACPI: Added _OSI(Module Device)
Mar  7 10:52:25 workstation kernel: [    0.016063] ACPI: Added _OSI(Processor Device)
Mar  7 10:52:25 workstation kernel: [    0.016064] ACPI: Added _OSI(3.0 _SCP Extensions)
Mar  7 10:52:25 workstation kernel: [    0.016065] ACPI: Added _OSI(Processor Aggregator Device)
Mar  7 10:52:25 workstation kernel: [    0.016311] ACPI: Executed 1 blocks of module-level executable AML code
Mar  7 10:52:25 workstation kernel: [    0.020593] ACPI: Interpreter enabled
Mar  7 10:52:25 workstation kernel: [    0.020607] ACPI: (supports S0 S5)
Mar  7 10:52:25 workstation systemd[1]: Starting LSB: automatic crash report generation...
Mar  7 10:52:25 workstation systemd[1]: Starting Modem Manager...
Mar  7 10:52:25 workstation kernel: [    0.020608] ACPI: Using IOAPIC for interrupt routing
Mar  7 10:52:25 workstation kernel: [    0.020851] PCI: Using host bridge windows from ACPI; if necessary, use "pci=nocrs" and report a bug
Mar  7 10:52:25 workstation kernel: [    0.020985] ACPI: Enabled 2 GPEs in block 00 to 07
Mar  7 10:52:25 workstation kernel: [    0.025191] ACPI: PCI Root Bridge [PCI0] (domain 0000 [bus 00-ff])
Mar  7 10:52:25 workstation kernel: [    0.025196] acpi PNP0A03:00: _OSC: OS supports [ASPM ClockPM Segments MSI]
Mar  7 10:52:25 workstation kernel: [    0.025561] acpi PNP0A03:00: _OSC: not requesting OS control; OS requires [ExtendedConfig ASPM ClockPM MSI]
Mar  7 10:52:25 workstation systemd[1]: Started Run anacron jobs.
Mar  7 10:52:25 workstation kernel: [    0.025568] acpi PNP0A03:00: fail to add MMCONFIG information, can't access extended PCI configuration space under this bridge.
Mar  7 10:52:25 workstation kernel: [    0.025844] PCI host bridge to bus 0000:00
Mar  7 10:52:25 workstation kernel: [    0.025846] pci_bus 0000:00: root bus resource [io  0x0000-0x0cf7 window]
Mar  7 10:52:25 workstation systemd[1]: Starting Accounts Service...
Mar  7 10:52:25 workstation kernel: [    0.025847] pci_bus 0000:00: root bus resource [io  0x0d00-0xffff window]
Mar  7 10:52:25 workstation kernel: [    0.025848] pci_bus 0000:00: root bus resource [mem 0x000a0000-0x000bffff window]
Mar  7 10:52:25 workstation kernel: [    0.025850] pci_bus 0000:00: root bus resource [mem 0xe0000000-0xfdffffff window]
Mar  7 10:52:25 workstation systemd[1]: Starting Snappy daemon...
Mar  7 10:52:25 workstation kernel: [    0.025851] pci_bus 0000:00: root bus resource [bus 00-ff]
Mar  7 10:52:25 workstation kernel: [    0.025882] pci 0000:00:00.0: [8086:1237] type 00 class 0x060000
Mar  7 10:52:25 workstation kernel: [    0.026348] pci 0000:00:01.0: [8086:7000] type 00 class 0x060100
Mar  7 10:52:25 workstation kernel: [    0.026845] pci 0000:00:01.1: [8086:7111] type 00 class 0x01018a
Mar  7 10:52:25 workstation kernel: [    0.028091] pci 0000:00:01.1: reg 0x20: [io  0xd000-0xd00f]
Mar  7 10:52:25 workstation systemd[1]: Started Raise network interfaces.
Mar  7 10:52:25 workstation kernel: [    0.028197] pci 0000:00:01.1: legacy IDE quirk: reg 0x10: [io  0x01f0-0x01f7]
Mar  7 10:52:25 workstation kernel: [    0.028199] pci 0000:00:01.1: legacy IDE quirk: reg 0x14: [io  0x03f6]
Mar  7 10:52:25 workstation kernel: [    0.028200] pci 0000:00:01.1: legacy IDE quirk: reg 0x18: [io  0x0170-0x0177]
Mar  7 10:52:25 workstation kernel: [    0.028201] pci 0000:00:01.1: legacy IDE quirk: reg 0x1c: [io  0x0376]
Mar  7 10:52:25 workstation kernel: [    0.028376] pci 0000:00:02.0: [15ad:0405] type 00 class 0x030000
Mar  7 10:52:25 workstation kernel: [    0.031001] pci 0000:00:02.0: reg 0x10: [io  0xd010-0xd01f]
Mar  7 10:52:25 workstation kernel: [    0.032190] pci 0000:00:02.0: reg 0x14: [mem 0xe0000000-0xe0ffffff pref]
Mar  7 10:52:25 workstation kernel: [    0.034846] pci 0000:00:02.0: reg 0x18: [mem 0xf0000000-0xf01fffff]
Mar  7 10:52:25 workstation systemd[1]: Started Restore /etc/resolv.conf if the system crashed before the ppp link was shut down.
Mar  7 10:52:25 workstation kernel: [    0.044606] pci 0000:00:03.0: [8086:100e] type 00 class 0x020000
Mar  7 10:52:25 workstation kernel: [    0.046591] pci 0000:00:03.0: reg 0x10: [mem 0xf0200000-0xf021ffff]
Mar  7 10:52:25 workstation kernel: [    0.050365] pci 0000:00:03.0: reg 0x18: [io  0xd020-0xd027]
Mar  7 10:52:25 workstation kernel: [    0.056685] pci 0000:00:04.0: [80ee:cafe] type 00 class 0x088000
Mar  7 10:52:25 workstation systemd[1]: Started Detect the available GPUs and deal with any system changes.
Mar  7 10:52:25 workstation kernel: [    0.060119] pci 0000:00:04.0: reg 0x10: [io  0xd040-0xd05f]
Mar  7 10:52:25 workstation kernel: [    0.061750] pci 0000:00:04.0: reg 0x14: [mem 0xf0400000-0xf07fffff]
Mar  7 10:52:25 workstation kernel: [    0.063343] pci 0000:00:04.0: reg 0x18: [mem 0xf0800000-0xf0803fff pref]
Mar  7 10:52:25 workstation kernel: [    0.069906] pci 0000:00:05.0: [8086:2415] type 00 class 0x040100
Mar  7 10:52:25 workstation systemd[1]: Started Thermal Daemon Service.
Mar  7 10:52:25 workstation anacron[606]: Anacron 2.3 started on 2024-03-07
Mar  7 10:52:25 workstation anacron[606]: Will run job `cron.daily' in 5 min.
Mar  7 10:52:25 workstation anacron[606]: Will run job `cron.weekly' in 10 min.
Mar  7 10:52:25 workstation kernel: [    0.069998] pci 0000:00:05.0: reg 0x10: [io  0xd100-0xd1ff]
Mar  7 10:52:25 workstation kernel: [    0.070122] pci 0000:00:05.0: reg 0x14: [io  0xd200-0xd23f]
Mar  7 10:52:25 workstation kernel: [    0.070782] pci 0000:00:06.0: [106b:003f] type 00 class 0x0c0310
Mar  7 10:52:25 workstation anacron[606]: Will run job `cron.monthly' in 15 min.
Mar  7 10:52:25 workstation anacron[606]: Jobs will be executed sequentially
Mar  7 10:52:25 workstation kernel: [    0.072101] pci 0000:00:06.0: reg 0x10: [mem 0xf0804000-0xf0804fff]
Mar  7 10:52:25 workstation kernel: [    0.082135] pci 0000:00:07.0: [8086:7113] type 00 class 0x068000
Mar  7 10:52:25 workstation udisksd[494]: failed to load module mdraid: libbd_mdraid.so.2: cannot open shared object file: No such file or directory
Mar  7 10:52:25 workstation systemd[1]: Started Login Service.
Mar  7 10:52:25 workstation systemd[1]: Reached target Sound Card.
Mar  7 10:52:25 workstation systemd[1]: Started WPA supplicant.
Mar  7 10:52:25 workstation wpa_supplicant[593]: Successfully initialized wpa_supplicant
Mar  7 10:52:25 workstation apport[603]:  * Starting automatic crash report generation: apport
Mar  7 10:52:25 workstation dbus-daemon[529]: [system] Activating via systemd: service name='org.freedesktop.PolicyKit1' unit='polkit.service' requested by ':1.5' (uid=0 pid=607 comm="/usr/lib/accountsservice/accounts-daemon " label="unconfined")
Mar  7 10:52:25 workstation udisksd[494]: Failed to load the 'mdraid' libblockdev plugin
Mar  7 10:52:25 workstation systemd[1]: Starting Authorization Manager...
Mar  7 10:52:25 workstation speech-dispatcher[598]:  * speech-dispatcher disabled; edit /etc/default/speech-dispatcher
Mar  7 10:52:25 workstation systemd[1]: Started LSB: Speech Dispatcher.
Mar  7 10:52:25 workstation polkitd[629]: started daemon version 0.105 using authority implementation `local' version `0.105'
Mar  7 10:52:25 workstation dbus-daemon[529]: [system] Successfully activated service 'org.freedesktop.PolicyKit1'
Mar  7 10:52:25 workstation systemd[1]: Started Authorization Manager.
Mar  7 10:52:25 workstation accounts-daemon[607]: started daemon version 0.6.45
Mar  7 10:52:25 workstation systemd[1]: Started Accounts Service.
Mar  7 10:52:25 workstation apport[603]:    ...done.
Mar  7 10:52:25 workstation systemd[1]: Started LSB: automatic crash report generation.
Mar  7 10:52:25 workstation grub-common[601]:  * Recording successful boot for GRUB
Mar  7 10:52:25 workstation snapd[613]: AppArmor status: apparmor is enabled and all features are available
Mar  7 10:52:25 workstation avahi-daemon[594]: Found user 'avahi' (UID 115) and group 'avahi' (GID 122).
Mar  7 10:52:25 workstation avahi-daemon[594]: Successfully dropped root privileges.
Mar  7 10:52:25 workstation avahi-daemon[594]: avahi-daemon 0.7 starting up.
Mar  7 10:52:25 workstation rsyslogd: imuxsock: Acquired UNIX socket '/run/systemd/journal/syslog' (fd 3) from systemd.  [v8.32.0]
Mar  7 10:52:25 workstation kernel: [    0.082472] pci 0000:00:07.0: quirk: [io  0x4000-0x403f] claimed by PIIX4 ACPI
Mar  7 10:52:25 workstation kernel: [    0.082481] pci 0000:00:07.0: quirk: [io  0x4100-0x410f] claimed by PIIX4 SMB
Mar  7 10:52:25 workstation kernel: [    0.084123] pci 0000:00:0b.0: [8086:265c] type 00 class 0x0c0320
Mar  7 10:52:25 workstation kernel: [    0.086141] pci 0000:00:0b.0: reg 0x10: [mem 0xf0805000-0xf0805fff]
Mar  7 10:52:25 workstation kernel: [    0.096569] pci 0000:00:0d.0: [8086:2829] type 00 class 0x010601
Mar  7 10:52:25 workstation kernel: [    0.098326] pci 0000:00:0d.0: reg 0x10: [io  0xd240-0xd247]
Mar  7 10:52:25 workstation kernel: [    0.100127] pci 0000:00:0d.0: reg 0x14: [io  0xd248-0xd24b]
Mar  7 10:52:25 workstation kernel: [    0.102017] pci 0000:00:0d.0: reg 0x18: [io  0xd250-0xd257]
Mar  7 10:52:25 workstation kernel: [    0.104136] pci 0000:00:0d.0: reg 0x1c: [io  0xd258-0xd25b]
Mar  7 10:52:25 workstation kernel: [    0.106126] pci 0000:00:0d.0: reg 0x20: [io  0xd260-0xd26f]
Mar  7 10:52:25 workstation kernel: [    0.107842] pci 0000:00:0d.0: reg 0x24: [mem 0xf0806000-0xf0807fff]
Mar  7 10:52:25 workstation kernel: [    0.109460] ACPI: PCI Interrupt Link [LNKA] (IRQs 5 9 10 *11)
Mar  7 10:52:25 workstation kernel: [    0.109665] ACPI: PCI Interrupt Link [LNKB] (IRQs 5 9 *10 11)
Mar  7 10:52:25 workstation kernel: [    0.109734] ACPI: PCI Interrupt Link [LNKC] (IRQs 5 *9 10 11)
Mar  7 10:52:25 workstation kernel: [    0.109803] ACPI: PCI Interrupt Link [LNKD] (IRQs 5 9 10 *11)
Mar  7 10:52:25 workstation kernel: [    0.112099] SCSI subsystem initialized
Mar  7 10:52:25 workstation kernel: [    0.112115] libata version 3.00 loaded.
Mar  7 10:52:25 workstation kernel: [    0.112115] pci 0000:00:02.0: vgaarb: setting as boot VGA device
Mar  7 10:52:25 workstation kernel: [    0.112115] pci 0000:00:02.0: vgaarb: VGA device added: decodes=io+mem,owns=io+mem,locks=none
Mar  7 10:52:25 workstation kernel: [    0.112115] pci 0000:00:02.0: vgaarb: bridge control possible
Mar  7 10:52:25 workstation kernel: [    0.112115] vgaarb: loaded
Mar  7 10:52:25 workstation kernel: [    0.112115] ACPI: bus type USB registered
Mar  7 10:52:25 workstation kernel: [    0.112115] usbcore: registered new interface driver usbfs
Mar  7 10:52:25 workstation kernel: [    0.112115] usbcore: registered new interface driver hub
Mar  7 10:52:25 workstation kernel: [    0.112131] usbcore: registered new device driver usb
Mar  7 10:52:25 workstation kernel: [    0.112131] EDAC MC: Ver: 3.0.0
Mar  7 10:52:25 workstation kernel: [    0.112193] PCI: Using ACPI for IRQ routing
Mar  7 10:52:25 workstation kernel: [    0.112193] PCI: pci_cache_line_size set to 64 bytes
Mar  7 10:52:25 workstation kernel: [    0.112193] e820: reserve RAM buffer [mem 0x0009fc00-0x0009ffff]
Mar  7 10:52:25 workstation kernel: [    0.112193] e820: reserve RAM buffer [mem 0xdfff0000-0xdfffffff]
Mar  7 10:52:25 workstation kernel: [    0.112193] e820: reserve RAM buffer [mem 0x11a000000-0x11bffffff]
Mar  7 10:52:25 workstation kernel: [    0.112265] NetLabel: Initializing
Mar  7 10:52:25 workstation kernel: [    0.112265] NetLabel:  domain hash size = 128
Mar  7 10:52:25 workstation kernel: [    0.112266] NetLabel:  protocols = UNLABELED CIPSOv4 CALIPSO
Mar  7 10:52:25 workstation kernel: [    0.112277] NetLabel:  unlabeled traffic allowed by default
Mar  7 10:52:25 workstation kernel: [    0.112303] clocksource: Switched to clocksource kvm-clock
Mar  7 10:52:25 workstation kernel: [    0.120664] VFS: Disk quotas dquot_6.6.0
Mar  7 10:52:25 workstation kernel: [    0.120676] VFS: Dquot-cache hash table entries: 512 (order 0, 4096 bytes)
Mar  7 10:52:25 workstation kernel: [    0.120759] AppArmor: AppArmor Filesystem Enabled
Mar  7 10:52:25 workstation kernel: [    0.120787] pnp: PnP ACPI init
Mar  7 10:52:25 workstation kernel: [    0.120853] pnp 00:00: Plug and Play ACPI device, IDs PNP0303 (active)
Mar  7 10:52:25 workstation kernel: [    0.120904] pnp 00:01: Plug and Play ACPI device, IDs PNP0f03 (active)
Mar  7 10:52:25 workstation kernel: [    0.121520] pnp: PnP ACPI: found 2 devices
Mar  7 10:52:25 workstation kernel: [    0.129267] clocksource: acpi_pm: mask: 0xffffff max_cycles: 0xffffff, max_idle_ns: 2085701024 ns
Mar  7 10:52:25 workstation kernel: [    0.129278] pci_bus 0000:00: resource 4 [io  0x0000-0x0cf7 window]
Mar  7 10:52:25 workstation kernel: [    0.129279] pci_bus 0000:00: resource 5 [io  0x0d00-0xffff window]
Mar  7 10:52:25 workstation kernel: [    0.129280] pci_bus 0000:00: resource 6 [mem 0x000a0000-0x000bffff window]
Mar  7 10:52:25 workstation kernel: [    0.129282] pci_bus 0000:00: resource 7 [mem 0xe0000000-0xfdffffff window]
Mar  7 10:52:25 workstation kernel: [    0.129325] NET: Registered protocol family 2
Mar  7 10:52:25 workstation kernel: [    0.129481] TCP established hash table entries: 32768 (order: 6, 262144 bytes)
Mar  7 10:52:25 workstation kernel: [    0.129519] TCP bind hash table entries: 32768 (order: 7, 524288 bytes)
Mar  7 10:52:25 workstation kernel: [    0.129859] TCP: Hash tables configured (established 32768 bind 32768)
Mar  7 10:52:25 workstation kernel: [    0.129886] UDP hash table entries: 2048 (order: 4, 65536 bytes)
Mar  7 10:52:25 workstation kernel: [    0.129893] UDP-Lite hash table entries: 2048 (order: 4, 65536 bytes)
Mar  7 10:52:25 workstation kernel: [    0.129943] NET: Registered protocol family 1
Mar  7 10:52:25 workstation kernel: [    0.129952] pci 0000:00:00.0: Limiting direct PCI/PCI transfers
Mar  7 10:52:25 workstation kernel: [    0.129985] pci 0000:00:01.0: Activating ISA DMA hang workarounds
Mar  7 10:52:25 workstation kernel: [    0.130019] pci 0000:00:02.0: Video device with shadowed ROM at [mem 0x000c0000-0x000dffff]
Mar  7 10:52:25 workstation kernel: [    0.132270] PCI: CLS 0 bytes, default 64
Mar  7 10:52:25 workstation kernel: [    0.132301] Unpacking initramfs...
Mar  7 10:52:25 workstation kernel: [    0.738688] Freeing initrd memory: 52496K
Mar  7 10:52:25 workstation kernel: [    0.738702] PCI-DMA: Using software bounce buffering for IO (SWIOTLB)
Mar  7 10:52:25 workstation kernel: [    0.738705] software IO TLB [mem 0xdbff0000-0xdfff0000] (64MB) mapped at [00000000c962621e-00000000b6c9964d]
Mar  7 10:52:25 workstation kernel: [    0.738791] platform rtc_cmos: registered platform RTC device (no PNP device found)
Mar  7 10:52:25 workstation kernel: [    0.738804] Scanning for low memory corruption every 60 seconds
Mar  7 10:52:25 workstation kernel: [    0.739526] Initialise system trusted keyrings
Mar  7 10:52:25 workstation kernel: [    0.739535] Key type blacklist registered
Mar  7 10:52:25 workstation kernel: [    0.739653] workingset: timestamp_bits=36 max_order=20 bucket_order=0
Mar  7 10:52:25 workstation kernel: [    0.740454] zbud: loaded
Mar  7 10:52:25 workstation kernel: [    0.740862] squashfs: version 4.0 (2009/01/31) Phillip Lougher
Mar  7 10:52:25 workstation kernel: [    0.741127] fuse init (API version 7.26)
Mar  7 10:52:25 workstation kernel: [    0.743414] Key type asymmetric registered
Mar  7 10:52:25 workstation kernel: [    0.743415] Asymmetric key parser 'x509' registered
Mar  7 10:52:25 workstation kernel: [    0.743445] Block layer SCSI generic (bsg) driver version 0.4 loaded (major 246)
Mar  7 10:52:25 workstation kernel: [    0.743715] io scheduler noop registered
Mar  7 10:52:25 workstation kernel: [    0.743717] io scheduler deadline registered
Mar  7 10:52:25 workstation kernel: [    0.743762] io scheduler cfq registered (default)
Mar  7 10:52:25 workstation kernel: [    0.744083] intel_idle: does not run on family 6 model 141
Mar  7 10:52:25 workstation kernel: [    0.744274] ACPI: AC Adapter [AC] (on-line)
Mar  7 10:52:25 workstation kernel: [    0.744607] input: Power Button as /devices/LNXSYSTM:00/LNXPWRBN:00/input/input0
Mar  7 10:52:25 workstation kernel: [    0.744667] ACPI: Power Button [PWRF]
Mar  7 10:52:25 workstation kernel: [    0.744720] input: Sleep Button as /devices/LNXSYSTM:00/LNXSLPBN:00/input/input1
Mar  7 10:52:25 workstation kernel: [    0.744725] ACPI: Sleep Button [SLPF]
Mar  7 10:52:25 workstation kernel: [    0.745052] Serial: 8250/16550 driver, 32 ports, IRQ sharing enabled
Mar  7 10:52:25 workstation kernel: [    0.745608] ACPI: Battery Slot [BAT0] (battery present)
Mar  7 10:52:25 workstation kernel: [    0.746944] Linux agpgart interface v0.103
Mar  7 10:52:25 workstation kernel: [    0.748240] loop: module loaded
Mar  7 10:52:25 workstation kernel: [    0.748314] ata_piix 0000:00:01.1: version 2.13
Mar  7 10:52:25 workstation kernel: [    0.748637] scsi host0: ata_piix
Mar  7 10:52:25 workstation kernel: [    0.748720] scsi host1: ata_piix
Mar  7 10:52:25 workstation kernel: [    0.748737] ata1: PATA max UDMA/33 cmd 0x1f0 ctl 0x3f6 bmdma 0xd000 irq 14
Mar  7 10:52:25 workstation kernel: [    0.748738] ata2: PATA max UDMA/33 cmd 0x170 ctl 0x376 bmdma 0xd008 irq 15
Mar  7 10:52:25 workstation kernel: [    0.748793] libphy: Fixed MDIO Bus: probed
Mar  7 10:52:25 workstation kernel: [    0.748794] tun: Universal TUN/TAP device driver, 1.6
Mar  7 10:52:25 workstation kernel: [    0.748837] PPP generic driver version 2.4.2
Mar  7 10:52:25 workstation kernel: [    0.748874] ehci_hcd: USB 2.0 'Enhanced' Host Controller (EHCI) Driver
Mar  7 10:52:25 workstation kernel: [    0.748877] ehci-pci: EHCI PCI platform driver
Mar  7 10:52:25 workstation kernel: [    0.749409] ehci-pci 0000:00:0b.0: EHCI Host Controller
Mar  7 10:52:25 workstation kernel: [    0.749414] ehci-pci 0000:00:0b.0: new USB bus registered, assigned bus number 1
Mar  7 10:52:25 workstation kernel: [    0.749554] ehci-pci 0000:00:0b.0: irq 19, io mem 0xf0805000
Mar  7 10:52:25 workstation kernel: [    0.764851] ehci-pci 0000:00:0b.0: USB 2.0 started, EHCI 1.00
Mar  7 10:52:25 workstation kernel: [    0.764898] usb usb1: New USB device found, idVendor=1d6b, idProduct=0002
Mar  7 10:52:25 workstation kernel: [    0.764900] usb usb1: New USB device strings: Mfr=3, Product=2, SerialNumber=1
Mar  7 10:52:25 workstation kernel: [    0.764902] usb usb1: Product: EHCI Host Controller
Mar  7 10:52:25 workstation kernel: [    0.764903] usb usb1: Manufacturer: Linux 4.15.0-20-generic ehci_hcd
Mar  7 10:52:25 workstation kernel: [    0.764904] usb usb1: SerialNumber: 0000:00:0b.0
Mar  7 10:52:25 workstation kernel: [    0.765016] hub 1-0:1.0: USB hub found
Mar  7 10:52:25 workstation kernel: [    0.765021] hub 1-0:1.0: 12 ports detected
Mar  7 10:52:25 workstation kernel: [    0.765195] ehci-platform: EHCI generic platform driver
Mar  7 10:52:25 workstation kernel: [    0.765204] ohci_hcd: USB 1.1 'Open' Host Controller (OHCI) Driver
Mar  7 10:52:25 workstation kernel: [    0.765207] ohci-pci: OHCI PCI platform driver
Mar  7 10:52:25 workstation kernel: [    0.765752] ohci-pci 0000:00:06.0: OHCI PCI host controller
Mar  7 10:52:25 workstation kernel: [    0.765755] ohci-pci 0000:00:06.0: new USB bus registered, assigned bus number 2
Mar  7 10:52:25 workstation kernel: [    0.765807] ohci-pci 0000:00:06.0: irq 22, io mem 0xf0804000
Mar  7 10:52:25 workstation kernel: [    0.824510] usb usb2: New USB device found, idVendor=1d6b, idProduct=0001
Mar  7 10:52:25 workstation kernel: [    0.824512] usb usb2: New USB device strings: Mfr=3, Product=2, SerialNumber=1
Mar  7 10:52:25 workstation kernel: [    0.824514] usb usb2: Product: OHCI PCI host controller
Mar  7 10:52:25 workstation kernel: [    0.824515] usb usb2: Manufacturer: Linux 4.15.0-20-generic ohci_hcd
Mar  7 10:52:25 workstation kernel: [    0.824516] usb usb2: SerialNumber: 0000:00:06.0
Mar  7 10:52:25 workstation kernel: [    0.824703] hub 2-0:1.0: USB hub found
Mar  7 10:52:25 workstation kernel: [    0.824713] hub 2-0:1.0: 12 ports detected
Mar  7 10:52:25 workstation kernel: [    0.824996] ohci-platform: OHCI generic platform driver
Mar  7 10:52:25 workstation kernel: [    0.825006] uhci_hcd: USB Universal Host Controller Interface driver
Mar  7 10:52:25 workstation kernel: [    0.825048] i8042: PNP: PS/2 Controller [PNP0303:PS2K,PNP0f03:PS2M] at 0x60,0x64 irq 1,12
Mar  7 10:52:25 workstation kernel: [    0.825443] serio: i8042 KBD port at 0x60,0x64 irq 1
Mar  7 10:52:25 workstation kernel: [    0.825446] serio: i8042 AUX port at 0x60,0x64 irq 12
Mar  7 10:52:25 workstation kernel: [    0.825642] mousedev: PS/2 mouse device common for all mice
Mar  7 10:52:25 workstation kernel: [    0.825931] input: AT Translated Set 2 keyboard as /devices/platform/i8042/serio0/input/input2
Mar  7 10:52:25 workstation kernel: [    0.826297] rtc_cmos rtc_cmos: rtc core: registered rtc_cmos as rtc0
Mar  7 10:52:25 workstation kernel: [    0.826348] rtc_cmos rtc_cmos: alarms up to one day, 114 bytes nvram
Mar  7 10:52:25 workstation kernel: [    0.826356] i2c /dev entries driver
Mar  7 10:52:25 workstation kernel: [    0.826408] device-mapper: uevent: version 1.0.3
Mar  7 10:52:25 workstation kernel: [    0.826521] device-mapper: ioctl: 4.37.0-ioctl (2017-09-20) initialised: dm-devel@redhat.com
Mar  7 10:52:25 workstation kernel: [    0.826716] ledtrig-cpu: registered to indicate activity on CPUs
Mar  7 10:52:25 workstation kernel: [    0.827289] NET: Registered protocol family 10
Mar  7 10:52:25 workstation kernel: [    0.830369] Segment Routing with IPv6
Mar  7 10:52:25 workstation kernel: [    0.830385] NET: Registered protocol family 17
Mar  7 10:52:25 workstation kernel: [    0.830436] Key type dns_resolver registered
Mar  7 10:52:25 workstation kernel: [    0.830669] RAS: Correctable Errors collector initialized.
Mar  7 10:52:25 workstation kernel: [    0.830680] sched_clock: Marking stable (830643542, 0)->(1008115071, -177471529)
Mar  7 10:52:25 workstation kernel: [    0.831007] registered taskstats version 1
Mar  7 10:52:25 workstation kernel: [    0.831014] Loading compiled-in X.509 certificates
Mar  7 10:52:25 workstation kernel: [    0.832685] Loaded X.509 cert 'Build time autogenerated kernel key: f4ad6a5babf67650e4ceb385fa5dda8e4a178208'
Mar  7 10:52:25 workstation kernel: [    0.832705] zswap: loaded using pool lzo/zbud
Mar  7 10:52:25 workstation kernel: [    0.835218] Key type big_key registered
Mar  7 10:52:25 workstation kernel: [    0.835220] Key type trusted registered
Mar  7 10:52:25 workstation kernel: [    0.836472] Key type encrypted registered
Mar  7 10:52:25 workstation kernel: [    0.836474] AppArmor: AppArmor sha1 policy hashing enabled
Mar  7 10:52:25 workstation kernel: [    0.836482] ima: No TPM chip found, activating TPM-bypass! (rc=-19)
Mar  7 10:52:25 workstation kernel: [    0.836497] evm: HMAC attrs: 0x1
Mar  7 10:52:25 workstation kernel: [    0.836717]   Magic number: 0:56:864
Mar  7 10:52:25 workstation kernel: [    0.836822] rtc_cmos rtc_cmos: setting system clock to 2024-03-07 02:52:22 UTC (1709779942)
Mar  7 10:52:25 workstation kernel: [    0.836923] BIOS EDD facility v0.16 2004-Jun-25, 0 devices found
Mar  7 10:52:25 workstation kernel: [    0.836923] EDD information not available.
Mar  7 10:52:25 workstation kernel: [    0.939489] ata2.00: ATAPI: VBOX CD-ROM, 1.0, max UDMA/133
Mar  7 10:52:25 workstation kernel: [    0.939783] ata2.00: configured for UDMA/33
Mar  7 10:52:25 workstation kernel: [    1.006608] scsi 1:0:0:0: CD-ROM            VBOX     CD-ROM           1.0  PQ: 0 ANSI: 5
Mar  7 10:52:25 workstation kernel: [    1.243364] sr 1:0:0:0: [sr0] scsi3-mmc drive: 32x/32x xa/form2 tray
Mar  7 10:52:25 workstation kernel: [    1.243366] cdrom: Uniform CD-ROM driver Revision: 3.20
Mar  7 10:52:25 workstation kernel: [    1.243552] sr 1:0:0:0: Attached scsi CD-ROM sr0
Mar  7 10:52:25 workstation kernel: [    1.243679] sr 1:0:0:0: Attached scsi generic sg0 type 5
Mar  7 10:52:25 workstation kernel: [    1.245522] Freeing unused kernel memory: 2404K
Mar  7 10:52:25 workstation kernel: [    1.245523] Write protecting the kernel read-only data: 20480k
Mar  7 10:52:25 workstation kernel: [    1.245940] Freeing unused kernel memory: 2008K
Mar  7 10:52:25 workstation kernel: [    1.247892] Freeing unused kernel memory: 1904K
Mar  7 10:52:25 workstation kernel: [    1.251152] x86/mm: Checked W+X mappings: passed, no W+X pages found.
Mar  7 10:52:25 workstation kernel: [    1.294987] piix4_smbus 0000:00:07.0: SMBus Host Controller at 0x4100, revision 0
Mar  7 10:52:25 workstation kernel: [    1.295566] e1000: Intel(R) PRO/1000 Network Driver - version 7.3.21-k8-NAPI
Mar  7 10:52:25 workstation kernel: [    1.295567] e1000: Copyright (c) 1999-2006 Intel Corporation.
Mar  7 10:52:25 workstation kernel: [    1.296141] ACPI: Video Device [GFX0] (multi-head: yes  rom: no  post: no)
Mar  7 10:52:25 workstation kernel: [    1.299754] input: Video Bus as /devices/LNXSYSTM:00/LNXSYBUS:00/PNP0A03:00/LNXVIDEO:00/input/input4
Mar  7 10:52:25 workstation kernel: [    1.348109] usb 2-1: new full-speed USB device number 2 using ohci-pci
Mar  7 10:52:25 workstation kernel: [    1.506019] input: ImExPS/2 Generic Explorer Mouse as /devices/platform/i8042/serio1/input/input5
Mar  7 10:52:25 workstation kernel: [    1.620283] usb 2-1: New USB device found, idVendor=80ee, idProduct=0021
Mar  7 10:52:25 workstation kernel: [    1.620285] usb 2-1: New USB device strings: Mfr=1, Product=3, SerialNumber=0
Mar  7 10:52:25 workstation kernel: [    1.620286] usb 2-1: Product: USB Tablet
Mar  7 10:52:25 workstation kernel: [    1.620288] usb 2-1: Manufacturer: VirtualBox
Mar  7 10:52:25 workstation kernel: [    1.628720] hidraw: raw HID events driver (C) Jiri Kosina
Mar  7 10:52:25 workstation kernel: [    1.640954] usbcore: registered new interface driver usbhid
Mar  7 10:52:25 workstation kernel: [    1.640956] usbhid: USB HID core driver
Mar  7 10:52:25 workstation kernel: [    1.642638] input: VirtualBox USB Tablet as /devices/pci0000:00/0000:00:06.0/usb2/2-1/2-1:1.0/0003:80EE:0021.0001/input/input6
Mar  7 10:52:25 workstation kernel: [    1.642695] hid-generic 0003:80EE:0021.0001: input,hidraw0: USB HID v1.10 Mouse [VirtualBox USB Tablet] on usb-0000:00:06.0-1/input0
Mar  7 10:52:25 workstation kernel: [    1.655627] e1000 0000:00:03.0 eth0: (PCI:33MHz:32-bit) 08:00:27:17:b0:11
Mar  7 10:52:25 workstation kernel: [    1.655632] e1000 0000:00:03.0 eth0: Intel(R) PRO/1000 Network Connection
Mar  7 10:52:25 workstation kernel: [    1.655711] ahci 0000:00:0d.0: version 3.0
Mar  7 10:52:25 workstation kernel: [    1.656475] e1000 0000:00:03.0 enp0s3: renamed from eth0
Mar  7 10:52:25 workstation kernel: [    1.656613] ahci 0000:00:0d.0: SSS flag set, parallel bus scan disabled
Mar  7 10:52:25 workstation kernel: [    1.656722] ahci 0000:00:0d.0: AHCI 0001.0100 32 slots 1 ports 3 Gbps 0x1 impl SATA mode
Mar  7 10:52:25 workstation kernel: [    1.656724] ahci 0000:00:0d.0: flags: 64bit ncq stag only ccc 
Mar  7 10:52:25 workstation kernel: [    1.656982] scsi host2: ahci
Mar  7 10:52:25 workstation kernel: [    1.657017] ata3: SATA max UDMA/133 abar m8192@0xf0806000 port 0xf0806100 irq 21
Mar  7 10:52:25 workstation kernel: [    1.657883] [drm] DMA map mode: Using physical TTM page addresses.
Mar  7 10:52:25 workstation kernel: [    1.657911] [drm] Capabilities:
Mar  7 10:52:25 workstation kernel: [    1.657911] [drm]   Rect copy.
Mar  7 10:52:25 workstation kernel: [    1.657912] [drm]   Cursor.
Mar  7 10:52:25 workstation kernel: [    1.657912] [drm]   Cursor bypass.
Mar  7 10:52:25 workstation kernel: [    1.657912] [drm]   Cursor bypass 2.
Mar  7 10:52:25 workstation kernel: [    1.657913] [drm]   Alpha cursor.
Mar  7 10:52:25 workstation kernel: [    1.657913] [drm]   Extended Fifo.
Mar  7 10:52:25 workstation kernel: [    1.657914] [drm]   Pitchlock.
Mar  7 10:52:25 workstation kernel: [    1.657914] [drm]   Irq mask.
Mar  7 10:52:25 workstation kernel: [    1.657914] [drm]   GMR.
Mar  7 10:52:25 workstation kernel: [    1.657915] [drm]   Traces.
Mar  7 10:52:25 workstation kernel: [    1.657915] [drm]   GMR2.
Mar  7 10:52:25 workstation kernel: [    1.657916] [drm]   Screen Object 2.
Mar  7 10:52:25 workstation kernel: [    1.657916] [drm]   Command Buffers.
Mar  7 10:52:25 workstation kernel: [    1.657917] [drm] Max GMR ids is 8192
Mar  7 10:52:25 workstation kernel: [    1.657917] [drm] Max number of GMR pages is 1048576
Mar  7 10:52:25 workstation kernel: [    1.657918] [drm] Max dedicated hypervisor surface memory is 507904 kiB
Mar  7 10:52:25 workstation kernel: [    1.657918] [drm] Maximum display memory size is 16384 kiB
Mar  7 10:52:25 workstation kernel: [    1.657919] [drm] VRAM at 0xe0000000 size is 16384 kiB
Mar  7 10:52:25 workstation kernel: [    1.657920] [drm] MMIO at 0xf0000000 size is 2048 kiB
Mar  7 10:52:25 workstation kernel: [    1.657921] [drm] global init.
Mar  7 10:52:25 workstation kernel: [    1.658095] [TTM] Zone  kernel: Available graphics memory: 1970442 kiB
Mar  7 10:52:25 workstation kernel: [    1.658096] [TTM] Initializing pool allocator
Mar  7 10:52:25 workstation kernel: [    1.658099] [TTM] Initializing DMA pool allocator
Mar  7 10:52:25 workstation kernel: [    1.658225] [drm] Supports vblank timestamp caching Rev 2 (21.10.2013).
Mar  7 10:52:25 workstation kernel: [    1.658225] [drm] No driver support for vblank timestamp query.
Mar  7 10:52:25 workstation kernel: [    1.658404] [drm] Screen Objects Display Unit initialized
Mar  7 10:52:25 workstation kernel: [    1.658435] [drm] width 720
Mar  7 10:52:25 workstation kernel: [    1.658441] [drm] height 400
Mar  7 10:52:25 workstation kernel: [    1.658444] [drm] bpp 32
Mar  7 10:52:25 workstation kernel: [    1.658543] [drm] Fifo max 0x00200000 min 0x00001000 cap 0x00000355
Mar  7 10:52:25 workstation kernel: [    1.658606] [drm] Using command buffers with DMA pool.
Mar  7 10:52:25 workstation kernel: [    1.658613] [drm] DX: no.
Mar  7 10:52:25 workstation kernel: [    1.658613] [drm] Atomic: yes
Mar  7 10:52:25 workstation kernel: [    1.658628] [drm:vmw_host_log [vmwgfx]] *ERROR* Failed to send log
Mar  7 10:52:25 workstation kernel: [    1.659082] [drm:vmw_host_log [vmwgfx]] *ERROR* Failed to send log
Mar  7 10:52:25 workstation kernel: [    1.662729] fbcon: svgadrmfb (fb0) is primary device
Mar  7 10:52:25 workstation kernel: [    1.663846] Console: switching to colour frame buffer device 100x37
Mar  7 10:52:25 workstation kernel: [    1.664359] [drm] Initialized vmwgfx 2.14.0 20170612 for 0000:00:02.0 on minor 0
Mar  7 10:52:25 workstation kernel: [    1.760304] tsc: Refined TSC clocksource calibration: 2688.073 MHz
Mar  7 10:52:25 workstation kernel: [    1.760319] clocksource: tsc: mask: 0xffffffffffffffff max_cycles: 0x26bf3bbe740, max_idle_ns: 440795336527 ns
Mar  7 10:52:25 workstation kernel: [    1.972711] ata3: SATA link up 3.0 Gbps (SStatus 123 SControl 300)
Mar  7 10:52:25 workstation kernel: [    1.972886] ata3.00: ATA-6: VBOX HARDDISK, 1.0, max UDMA/133
Mar  7 10:52:25 workstation kernel: [    1.972888] ata3.00: 52428800 sectors, multi 128: LBA48 NCQ (depth 31/32)
Mar  7 10:52:25 workstation kernel: [    1.973093] ata3.00: configured for UDMA/133
Mar  7 10:52:25 workstation kernel: [    1.973197] scsi 2:0:0:0: Direct-Access     ATA      VBOX HARDDISK    1.0  PQ: 0 ANSI: 5
Mar  7 10:52:25 workstation kernel: [    1.973389] sd 2:0:0:0: [sda] 52428800 512-byte logical blocks: (26.8 GB/25.0 GiB)
Mar  7 10:52:25 workstation kernel: [    1.973396] sd 2:0:0:0: [sda] Write Protect is off
Mar  7 10:52:25 workstation kernel: [    1.973397] sd 2:0:0:0: [sda] Mode Sense: 00 3a 00 00
Mar  7 10:52:25 workstation kernel: [    1.973407] sd 2:0:0:0: [sda] Write cache: enabled, read cache: enabled, doesn't support DPO or FUA
Mar  7 10:52:25 workstation kernel: [    1.973542] sd 2:0:0:0: Attached scsi generic sg1 type 0
Mar  7 10:52:25 workstation kernel: [    1.974653]  sda: sda1
Mar  7 10:52:25 workstation kernel: [    1.974825] sd 2:0:0:0: [sda] Attached SCSI disk
Mar  7 10:52:25 workstation kernel: [    2.064970] EXT4-fs (sda1): mounted filesystem with ordered data mode. Opts: (null)
Mar  7 10:52:25 workstation kernel: [    2.172776] ip_tables: (C) 2000-2006 Netfilter Core Team
Mar  7 10:52:25 workstation kernel: [    2.177864] systemd[1]: systemd 237 running in system mode. (+PAM +AUDIT +SELINUX +IMA +APPARMOR +SMACK +SYSVINIT +UTMP +LIBCRYPTSETUP +GCRYPT +GNUTLS +ACL +XZ +LZ4 +SECCOMP +BLKID +ELFUTILS +KMOD -IDN2 +IDN -PCRE2 default-hierarchy=hybrid)
Mar  7 10:52:25 workstation kernel: [    2.177888] systemd[1]: Detected virtualization oracle.
Mar  7 10:52:25 workstation kernel: [    2.177890] systemd[1]: Detected architecture x86-64.
Mar  7 10:52:25 workstation kernel: [    2.181897] systemd[1]: Set hostname to <workstation>.
Mar  7 10:52:25 workstation kernel: [    2.184678] systemd[1]: Initializing machine ID from random generator.
Mar  7 10:52:25 workstation kernel: [    2.184709] systemd[1]: Installed transient /etc/machine-id file.
Mar  7 10:52:25 workstation kernel: [    2.299170] systemd[1]: Reached target User and Group Name Lookups.
Mar  7 10:52:25 workstation kernel: [    2.299363] systemd[1]: Created slice User and Session Slice.
Mar  7 10:52:25 workstation kernel: [    2.299398] systemd[1]: Started Forward Password Requests to Wall Directory Watch.
Mar  7 10:52:25 workstation kernel: [    2.299404] systemd[1]: Reached target Remote File Systems.
Mar  7 10:52:25 workstation kernel: [    2.316294] EXT4-fs (sda1): re-mounted. Opts: errors=remount-ro
Mar  7 10:52:25 workstation kernel: [    2.358837] lp: driver loaded but no devices found
Mar  7 10:52:25 workstation kernel: [    2.397484] systemd-journald[260]: Received request to flush runtime journal from PID 1
Mar  7 10:52:25 workstation kernel: [    2.397867] ppdev: user-space parallel port driver
Mar  7 10:52:25 workstation kernel: [    2.420584] Adding 1214880k swap on /swapfile.  Priority:-2 extents:5 across:1247648k FS
Mar  7 10:52:25 workstation kernel: [    2.660650] vgdrvHeartbeatInit: Setting up heartbeat to trigger every 2000 milliseconds
Mar  7 10:52:25 workstation kernel: [    2.660795] input: Unspecified device as /devices/pci0000:00/0000:00:04.0/input/input7
Mar  7 10:52:25 workstation kernel: [    2.664795] vboxguest: misc device minor 55, IRQ 20, I/O port d040, MMIO at 00000000f0400000 (size 0x400000)
Mar  7 10:52:25 workstation kernel: [    2.664796] vboxguest: Successfully loaded version 5.2.8_KernelUbuntu (interface 0x00010004)
Mar  7 10:52:25 workstation kernel: [    2.733717] AVX2 version of gcm_enc/dec engaged.
Mar  7 10:52:25 workstation kernel: [    2.733718] AES CTR mode by8 optimization enabled
Mar  7 10:52:25 workstation kernel: [    2.854833] audit: type=1400 audit(1709779944.512:2): apparmor="STATUS" operation="profile_load" profile="unconfined" name="libreoffice-oopslash" pid=446 comm="apparmor_parser"
Mar  7 10:52:25 workstation kernel: [    2.858092] audit: type=1400 audit(1709779944.516:3): apparmor="STATUS" operation="profile_load" profile="unconfined" name="/usr/bin/man" pid=436 comm="apparmor_parser"
Mar  7 10:52:25 workstation kernel: [    2.858095] audit: type=1400 audit(1709779944.516:4): apparmor="STATUS" operation="profile_load" profile="unconfined" name="man_filter" pid=436 comm="apparmor_parser"
Mar  7 10:52:25 workstation kernel: [    2.858097] audit: type=1400 audit(1709779944.516:5): apparmor="STATUS" operation="profile_load" profile="unconfined" name="man_groff" pid=436 comm="apparmor_parser"
Mar  7 10:52:25 workstation kernel: [    2.866445] audit: type=1400 audit(1709779944.524:6): apparmor="STATUS" operation="profile_load" profile="unconfined" name="/sbin/dhclient" pid=433 comm="apparmor_parser"
Mar  7 10:52:25 workstation kernel: [    2.866447] audit: type=1400 audit(1709779944.524:7): apparmor="STATUS" operation="profile_load" profile="unconfined" name="/usr/lib/NetworkManager/nm-dhcp-client.action" pid=433 comm="apparmor_parser"
Mar  7 10:52:25 workstation kernel: [    2.866448] audit: type=1400 audit(1709779944.524:8): apparmor="STATUS" operation="profile_load" profile="unconfined" name="/usr/lib/NetworkManager/nm-dhcp-helper" pid=433 comm="apparmor_parser"
Mar  7 10:52:25 workstation kernel: [    2.866450] audit: type=1400 audit(1709779944.524:9): apparmor="STATUS" operation="profile_load" profile="unconfined" name="/usr/lib/connman/scripts/dhclient-script" pid=433 comm="apparmor_parser"
Mar  7 10:52:25 workstation kernel: [    2.866987] audit: type=1400 audit(1709779944.524:10): apparmor="STATUS" operation="profile_load" profile="unconfined" name="libreoffice-senddoc" pid=447 comm="apparmor_parser"
Mar  7 10:52:25 workstation kernel: [    3.205891] random: crng init done
Mar  7 10:52:25 workstation kernel: [    3.212967] snd_intel8x0 0000:00:05.0: white list rate for 1028:0177 is 48000
Mar  7 10:52:25 workstation rsyslogd: rsyslogd's groupid changed to 106
Mar  7 10:52:25 workstation systemd[1]: Started System Logging Service.
Mar  7 10:52:25 workstation rsyslogd: rsyslogd's userid changed to 102
Mar  7 10:52:25 workstation rsyslogd:  [origin software="rsyslogd" swVersion="8.32.0" x-pid="596" x-info="http://www.rsyslog.com"] start
Mar  7 10:52:25 workstation acpid: starting up with netlink and the input layer
Mar  7 10:52:25 workstation acpid: 8 rules loaded
Mar  7 10:52:25 workstation acpid: waiting for events: event logging is off
Mar  7 10:52:25 workstation systemd[1]: Started Avahi mDNS/DNS-SD Stack.
Mar  7 10:52:25 workstation avahi-daemon[594]: Successfully called chroot().
Mar  7 10:52:25 workstation avahi-daemon[594]: Successfully dropped remaining capabilities.
Mar  7 10:52:25 workstation systemd[1]: Started Make remote CUPS printers available locally.
Mar  7 10:52:25 workstation avahi-daemon[594]: No service file found in /etc/avahi/services.
Mar  7 10:52:25 workstation avahi-daemon[594]: Joining mDNS multicast group on interface lo.IPv6 with address ::1.
Mar  7 10:52:25 workstation avahi-daemon[594]: New relevant interface lo.IPv6 for mDNS.
Mar  7 10:52:25 workstation avahi-daemon[594]: Joining mDNS multicast group on interface lo.IPv4 with address 127.0.0.1.
Mar  7 10:52:25 workstation avahi-daemon[594]: New relevant interface lo.IPv4 for mDNS.
Mar  7 10:52:25 workstation avahi-daemon[594]: Network interface enumeration completed.
Mar  7 10:52:25 workstation avahi-daemon[594]: Registering new address record for ::1 on lo.*.
Mar  7 10:52:25 workstation avahi-daemon[594]: Registering new address record for 127.0.0.1 on lo.IPv4.
Mar  7 10:52:25 workstation systemd-udevd[305]: Process '/usr/sbin/alsactl -E HOME=/run/alsa restore 0' failed with exit code 99.
Mar  7 10:52:25 workstation grub-common[601]:    ...done.
Mar  7 10:52:25 workstation systemd[1]: Started LSB: Record successful boot for GRUB.
Mar  7 10:52:25 workstation snapd[613]: 2024/03/07 10:52:25.109188 helpers.go:115: error trying to compare the snap system key: system-key missing on disk
Mar  7 10:52:25 workstation ModemManager[605]: <info>  ModemManager (version 1.6.8) starting in system bus...
Mar  7 10:52:25 workstation snapd[613]: 2024/03/07 10:52:25.116966 daemon.go:323: started snapd/2.32.5+18.04 (series 16; classic) ubuntu/18.04 (amd64) linux/4.15.0-20-generic.
Mar  7 10:52:25 workstation systemd[1]: Started Snappy daemon.
Mar  7 10:52:25 workstation NetworkManager[592]: <info>  [1709779945.1465] NetworkManager (version 1.10.6) is starting... (for the first time)
Mar  7 10:52:25 workstation NetworkManager[592]: <info>  [1709779945.1471] Read config: /etc/NetworkManager/NetworkManager.conf (lib: 10-dns-resolved.conf, 20-connectivity-ubuntu.conf, no-mac-addr-change.conf) (run: 10-globally-managed-devices.conf) (etc: default-wifi-powersave-on.conf)
Mar  7 10:52:25 workstation systemd[1]: Started Modem Manager.
Mar  7 10:52:25 workstation NetworkManager[592]: <info>  [1709779945.1531] manager[0x55c2c46e5060]: monitoring kernel firmware directory '/lib/firmware'.
Mar  7 10:52:25 workstation NetworkManager[592]: <info>  [1709779945.1533] monitoring ifupdown state file '/run/network/ifstate'.
Mar  7 10:52:25 workstation dbus-daemon[529]: [system] Activating via systemd: service name='org.freedesktop.hostname1' unit='dbus-org.freedesktop.hostname1.service' requested by ':1.11' (uid=0 pid=592 comm="/usr/sbin/NetworkManager --no-daemon " label="unconfined")
Mar  7 10:52:25 workstation systemd[1]: Starting Hostname Service...
Mar  7 10:52:25 workstation systemd[1]: Started Disk Manager.
Mar  7 10:52:25 workstation udisksd[494]: Acquired the name org.freedesktop.UDisks2 on the system message bus
Mar  7 10:52:25 workstation snapd[613]: 2024/03/07 10:52:25.187575 stateengine.go:101: state ensure error: Get https://api.snapcraft.io/api/v1/snaps/sections: dial tcp: lookup api.snapcraft.io on 127.0.0.53:53: server misbehaving
Mar  7 10:52:25 workstation networkd-dispatcher[524]: WARNING: systemd-networkd is not running, output will be incomplete.
Mar  7 10:52:25 workstation systemd[1]: Started Dispatcher daemon for systemd-networkd.
Mar  7 10:52:25 workstation dbus-daemon[529]: [system] Successfully activated service 'org.freedesktop.hostname1'
Mar  7 10:52:25 workstation systemd[1]: Started Hostname Service.
Mar  7 10:52:25 workstation NetworkManager[592]: <info>  [1709779945.2844] hostname: hostname: using hostnamed
Mar  7 10:52:25 workstation NetworkManager[592]: <info>  [1709779945.2846] hostname: hostname changed from (none) to "workstation"
Mar  7 10:52:25 workstation NetworkManager[592]: <info>  [1709779945.2849] dns-mgr[0x55c2c4702150]: init: dns=systemd-resolved, rc-manager=symlink, plugin=systemd-resolved
Mar  7 10:52:25 workstation NetworkManager[592]: <info>  [1709779945.2857] manager[0x55c2c46e5060]: rfkill: WiFi hardware radio set enabled
Mar  7 10:52:25 workstation NetworkManager[592]: <info>  [1709779945.2858] manager[0x55c2c46e5060]: rfkill: WWAN hardware radio set enabled
Mar  7 10:52:25 workstation systemd[1]: Started Network Manager.
Mar  7 10:52:25 workstation systemd[1]: Reached target Network.
Mar  7 10:52:25 workstation systemd[1]: Starting Permit User Sessions...
Mar  7 10:52:25 workstation systemd[1]: Started Unattended Upgrades Shutdown.
Mar  7 10:52:25 workstation systemd[1]: Starting Network Manager Wait Online...
Mar  7 10:52:25 workstation dbus-daemon[529]: [system] Activating via systemd: service name='org.freedesktop.nm_dispatcher' unit='dbus-org.freedesktop.nm-dispatcher.service' requested by ':1.11' (uid=0 pid=592 comm="/usr/sbin/NetworkManager --no-daemon " label="unconfined")
Mar  7 10:52:25 workstation systemd[1]: Starting Network Manager Script Dispatcher Service...
Mar  7 10:52:25 workstation systemd[1]: Started Permit User Sessions.
Mar  7 10:52:25 workstation systemd[1]: Starting GNOME Display Manager...
Mar  7 10:52:25 workstation systemd[1]: Starting Hold until boot process finishes up...
Mar  7 10:52:25 workstation dbus-daemon[529]: [system] Successfully activated service 'org.freedesktop.nm_dispatcher'
Mar  7 10:52:25 workstation systemd[1]: Started Network Manager Script Dispatcher Service.
Mar  7 10:52:25 workstation NetworkManager[592]: <info>  [1709779945.3980] init!
Mar  7 10:52:25 workstation NetworkManager[592]: <info>  [1709779945.3982]       interface-parser: parsing file /etc/network/interfaces
Mar  7 10:52:25 workstation NetworkManager[592]: <info>  [1709779945.3982]       interface-parser: finished parsing file /etc/network/interfaces
Mar  7 10:52:25 workstation NetworkManager[592]: <info>  [1709779945.3983] management mode: unmanaged
Mar  7 10:52:25 workstation NetworkManager[592]: <info>  [1709779945.3985] devices added (path: /sys/devices/pci0000:00/0000:00:03.0/net/enp0s3, iface: enp0s3)
Mar  7 10:52:25 workstation NetworkManager[592]: <info>  [1709779945.3985] device added (path: /sys/devices/pci0000:00/0000:00:03.0/net/enp0s3, iface: enp0s3): no ifupdown configuration found.
Mar  7 10:52:25 workstation NetworkManager[592]: <info>  [1709779945.3985] devices added (path: /sys/devices/virtual/net/lo, iface: lo)
Mar  7 10:52:25 workstation NetworkManager[592]: <info>  [1709779945.3985] device added (path: /sys/devices/virtual/net/lo, iface: lo): no ifupdown configuration found.
Mar  7 10:52:25 workstation NetworkManager[592]: <info>  [1709779945.3985] end _init.
Mar  7 10:52:25 workstation NetworkManager[592]: <info>  [1709779945.3985] settings: loaded plugin ifupdown: (C) 2008 Canonical Ltd.  To report bugs please use the NetworkManager mailing list. (/usr/lib/x86_64-linux-gnu/NetworkManager/libnm-settings-plugin-ifupdown.so)
Mar  7 10:52:25 workstation NetworkManager[592]: <info>  [1709779945.3986] settings: loaded plugin keyfile: (c) 2007 - 2016 Red Hat, Inc.  To report bugs please use the NetworkManager mailing list.
Mar  7 10:52:25 workstation NetworkManager[592]: <info>  [1709779945.3986] (-999164800) ... get_connections.
Mar  7 10:52:25 workstation NetworkManager[592]: <info>  [1709779945.3986] (-999164800) ... get_connections (managed=false): return empty list.
Mar  7 10:52:25 workstation NetworkManager[592]: <info>  [1709779945.3989] get unmanaged devices count: 0
Mar  7 10:52:25 workstation NetworkManager[592]: <info>  [1709779945.3990] manager: rfkill: WiFi enabled by radio killswitch; enabled by state file
Mar  7 10:52:25 workstation NetworkManager[592]: <info>  [1709779945.3990] manager: rfkill: WWAN enabled by radio killswitch; enabled by state file
Mar  7 10:52:25 workstation NetworkManager[592]: <info>  [1709779945.3990] manager: Networking is enabled by state file
Mar  7 10:52:25 workstation NetworkManager[592]: <info>  [1709779945.3991] dhcp-init: Using DHCP client 'dhclient'
Mar  7 10:52:25 workstation nm-dispatcher: req:1 'hostname': new request (1 scripts)
Mar  7 10:52:25 workstation nm-dispatcher: req:1 'hostname': start running ordered scripts...
Mar  7 10:52:25 workstation NetworkManager[592]: <info>  [1709779945.3999] Loaded device plugin: NMBondDeviceFactory (internal)
Mar  7 10:52:25 workstation NetworkManager[592]: <info>  [1709779945.3999] Loaded device plugin: NMBridgeDeviceFactory (internal)
Mar  7 10:52:25 workstation NetworkManager[592]: <info>  [1709779945.3999] Loaded device plugin: NMDummyDeviceFactory (internal)
Mar  7 10:52:25 workstation NetworkManager[592]: <info>  [1709779945.3999] Loaded device plugin: NMEthernetDeviceFactory (internal)
Mar  7 10:52:25 workstation NetworkManager[592]: <info>  [1709779945.3999] Loaded device plugin: NMInfinibandDeviceFactory (internal)
Mar  7 10:52:25 workstation NetworkManager[592]: <info>  [1709779945.4000] Loaded device plugin: NMIPTunnelDeviceFactory (internal)
Mar  7 10:52:25 workstation NetworkManager[592]: <info>  [1709779945.4000] Loaded device plugin: NMMacsecDeviceFactory (internal)
Mar  7 10:52:25 workstation NetworkManager[592]: <info>  [1709779945.4000] Loaded device plugin: NMMacvlanDeviceFactory (internal)
Mar  7 10:52:25 workstation NetworkManager[592]: <info>  [1709779945.4000] Loaded device plugin: NMPppDeviceFactory (internal)
Mar  7 10:52:25 workstation NetworkManager[592]: <info>  [1709779945.4000] Loaded device plugin: NMTunDeviceFactory (internal)
Mar  7 10:52:25 workstation NetworkManager[592]: <info>  [1709779945.4000] Loaded device plugin: NMVethDeviceFactory (internal)
Mar  7 10:52:25 workstation NetworkManager[592]: <info>  [1709779945.4000] Loaded device plugin: NMVlanDeviceFactory (internal)
Mar  7 10:52:25 workstation NetworkManager[592]: <info>  [1709779945.4000] Loaded device plugin: NMVxlanDeviceFactory (internal)
Mar  7 10:52:25 workstation NetworkManager[592]: <info>  [1709779945.4011] Loaded device plugin: NMAtmManager (/usr/lib/x86_64-linux-gnu/NetworkManager/libnm-device-plugin-adsl.so)
Mar  7 10:52:25 workstation NetworkManager[592]: <info>  [1709779945.4059] Loaded device plugin: NMWwanFactory (/usr/lib/x86_64-linux-gnu/NetworkManager/libnm-device-plugin-wwan.so)
Mar  7 10:52:25 workstation NetworkManager[592]: <info>  [1709779945.4100] Loaded device plugin: NMWifiFactory (/usr/lib/x86_64-linux-gnu/NetworkManager/libnm-device-plugin-wifi.so)
Mar  7 10:52:25 workstation NetworkManager[592]: <info>  [1709779945.4133] Loaded device plugin: NMBluezManager (/usr/lib/x86_64-linux-gnu/NetworkManager/libnm-device-plugin-bluetooth.so)
Mar  7 10:52:25 workstation NetworkManager[592]: <info>  [1709779945.4168] Loaded device plugin: NMTeamFactory (/usr/lib/x86_64-linux-gnu/NetworkManager/libnm-device-plugin-team.so)
Mar  7 10:52:25 workstation NetworkManager[592]: <info>  [1709779945.4188] device (lo): carrier: link connected
Mar  7 10:52:25 workstation NetworkManager[592]: <info>  [1709779945.4192] manager: (lo): new Generic device (/org/freedesktop/NetworkManager/Devices/1)
Mar  7 10:52:25 workstation NetworkManager[592]: <info>  [1709779945.4206] manager: (enp0s3): new Ethernet device (/org/freedesktop/NetworkManager/Devices/2)
Mar  7 10:52:25 workstation NetworkManager[592]: <info>  [1709779945.4219] keyfile: add connection in-memory (fcfd2a45-8eb9-3fd1-8910-efc0163f286f,"Wired connection 1")
Mar  7 10:52:25 workstation NetworkManager[592]: <info>  [1709779945.4224] settings: (enp0s3): created default wired connection 'Wired connection 1'
Mar  7 10:52:25 workstation NetworkManager[592]: <info>  [1709779945.4235] device (enp0s3): state change: unmanaged -> unavailable (reason 'managed', sys-iface-state: 'external')
Mar  7 10:52:25 workstation kernel: [    3.760687] IPv6: ADDRCONF(NETDEV_UP): enp0s3: link is not ready
Mar  7 10:52:25 workstation kernel: [    3.762627] IPv6: ADDRCONF(NETDEV_UP): enp0s3: link is not ready
Mar  7 10:52:25 workstation NetworkManager[592]: <info>  [1709779945.4349] device (enp0s3): carrier: link connected
Mar  7 10:52:25 workstation kernel: [    3.768563] e1000: enp0s3 NIC Link is Up 1000 Mbps Full Duplex, Flow Control: RX
Mar  7 10:52:25 workstation kernel: [    3.768864] IPv6: ADDRCONF(NETDEV_CHANGE): enp0s3: link becomes ready
Mar  7 10:52:25 workstation NetworkManager[592]: <info>  [1709779945.4360] device (enp0s3): state change: unavailable -> disconnected (reason 'carrier-changed', sys-iface-state: 'managed')
Mar  7 10:52:25 workstation NetworkManager[592]: <info>  [1709779945.4382] policy: auto-activating connection 'Wired connection 1'
Mar  7 10:52:25 workstation NetworkManager[592]: <info>  [1709779945.4393] device (enp0s3): Activation: starting connection 'Wired connection 1' (fcfd2a45-8eb9-3fd1-8910-efc0163f286f)
Mar  7 10:52:25 workstation NetworkManager[592]: <info>  [1709779945.4396] device (enp0s3): state change: disconnected -> prepare (reason 'none', sys-iface-state: 'managed')
Mar  7 10:52:25 workstation NetworkManager[592]: <info>  [1709779945.4397] manager: NetworkManager state is now CONNECTING
Mar  7 10:52:25 workstation NetworkManager[592]: <info>  [1709779945.4401] device (enp0s3): state change: prepare -> config (reason 'none', sys-iface-state: 'managed')
Mar  7 10:52:25 workstation NetworkManager[592]: <info>  [1709779945.4452] modem-manager: ModemManager available
Mar  7 10:52:25 workstation NetworkManager[592]: <info>  [1709779945.4458] device (enp0s3): state change: config -> ip-config (reason 'none', sys-iface-state: 'managed')
Mar  7 10:52:25 workstation NetworkManager[592]: <info>  [1709779945.4471] dhcp4 (enp0s3): activation: beginning transaction (timeout in 45 seconds)
Mar  7 10:52:25 workstation NetworkManager[592]: <info>  [1709779945.4876] dhcp4 (enp0s3): dhclient started with pid 702
Mar  7 10:52:25 workstation systemd[1]: Started GNOME Display Manager.
Mar  7 10:52:25 workstation dhclient[702]: DHCPDISCOVER on enp0s3 to 255.255.255.255 port 67 interval 3 (xid=0x762a506b)
Mar  7 10:52:25 workstation dhclient[702]: DHCPREQUEST of 10.0.2.15 on enp0s3 to 255.255.255.255 port 67 (xid=0x6b502a76)
Mar  7 10:52:25 workstation dhclient[702]: DHCPOFFER of 10.0.2.15 from 10.0.2.2
Mar  7 10:52:25 workstation dhclient[702]: DHCPACK of 10.0.2.15 from 10.0.2.2
Mar  7 10:52:25 workstation NetworkManager[592]: <info>  [1709779945.5958] dhcp4 (enp0s3):   address 10.0.2.15
Mar  7 10:52:25 workstation NetworkManager[592]: <info>  [1709779945.5958] dhcp4 (enp0s3):   plen 24 (255.255.255.0)
Mar  7 10:52:25 workstation NetworkManager[592]: <info>  [1709779945.5958] dhcp4 (enp0s3):   gateway 10.0.2.2
Mar  7 10:52:25 workstation NetworkManager[592]: <info>  [1709779945.5958] dhcp4 (enp0s3):   lease time 86400
Mar  7 10:52:25 workstation NetworkManager[592]: <info>  [1709779945.5958] dhcp4 (enp0s3):   nameserver '192.168.100.1'
Mar  7 10:52:25 workstation NetworkManager[592]: <info>  [1709779945.5958] dhcp4 (enp0s3): state changed unknown -> bound
Mar  7 10:52:25 workstation avahi-daemon[594]: Joining mDNS multicast group on interface enp0s3.IPv4 with address 10.0.2.15.
Mar  7 10:52:25 workstation avahi-daemon[594]: New relevant interface enp0s3.IPv4 for mDNS.
Mar  7 10:52:25 workstation avahi-daemon[594]: Registering new address record for 10.0.2.15 on enp0s3.IPv4.
Mar  7 10:52:25 workstation NetworkManager[592]: <info>  [1709779945.5973] device (enp0s3): state change: ip-config -> ip-check (reason 'none', sys-iface-state: 'managed')
Mar  7 10:52:25 workstation NetworkManager[592]: <info>  [1709779945.5977] device (enp0s3): state change: ip-check -> secondaries (reason 'none', sys-iface-state: 'managed')
Mar  7 10:52:25 workstation NetworkManager[592]: <info>  [1709779945.5978] device (enp0s3): state change: secondaries -> activated (reason 'none', sys-iface-state: 'managed')
Mar  7 10:52:25 workstation NetworkManager[592]: <info>  [1709779945.5979] manager: NetworkManager state is now CONNECTED_LOCAL
Mar  7 10:52:25 workstation NetworkManager[592]: <info>  [1709779945.5985] manager: NetworkManager state is now CONNECTED_SITE
Mar  7 10:52:25 workstation NetworkManager[592]: <info>  [1709779945.5986] policy: set 'Wired connection 1' (enp0s3) as default for IPv4 routing and DNS
Mar  7 10:52:25 workstation NetworkManager[592]: <info>  [1709779945.5987] device (enp0s3): Activation: successful, device activated.
Mar  7 10:52:25 workstation NetworkManager[592]: <info>  [1709779945.5993] manager: startup complete
Mar  7 10:52:25 workstation nm-dispatcher: req:2 'up' [enp0s3]: new request (1 scripts)
Mar  7 10:52:25 workstation nm-dispatcher: req:2 'up' [enp0s3]: start running ordered scripts...
Mar  7 10:52:25 workstation systemd[1]: Started Network Manager Wait Online.
Mar  7 10:52:25 workstation systemd[1]: Reached target Network is Online.
Mar  7 10:52:25 workstation dhclient[702]: bound to 10.0.2.15 -- renewal in 34473 seconds.
Mar  7 10:52:25 workstation systemd[1]: Starting Tool to automatically collect and submit kernel crash signatures...
Mar  7 10:52:25 workstation systemd[1]: Started crash report submission daemon.
Mar  7 10:52:25 workstation systemd[1]: kerneloops.service: Found left-over process 746 (kerneloops) in control group while starting unit. Ignoring.
Mar  7 10:52:25 workstation systemd[1]: This usually indicates unclean termination of a previous run, or service implementation deficiencies.
Mar  7 10:52:25 workstation systemd[1]: Started Tool to automatically collect and submit kernel crash signatures.
Mar  7 10:52:25 workstation whoopsie[735]: [10:52:25] Using lock path: /var/lock/whoopsie/lock
Mar  7 10:52:25 workstation whoopsie[735]: [10:52:25] offline
Mar  7 10:52:25 workstation systemd[1]: Created slice User Slice of gdm.
Mar  7 10:52:25 workstation systemd[1]: Starting User Manager for UID 120...
Mar  7 10:52:25 workstation systemd[1]: Started Session c1 of user gdm.
Mar  7 10:52:25 workstation systemd[752]: Listening on GnuPG cryptographic agent and passphrase cache.
Mar  7 10:52:25 workstation systemd[752]: Starting D-Bus User Message Bus Socket.
Mar  7 10:52:25 workstation systemd[752]: Listening on GnuPG cryptographic agent and passphrase cache (restricted).
Mar  7 10:52:25 workstation systemd[752]: Reached target Paths.
Mar  7 10:52:25 workstation systemd[752]: Listening on GnuPG cryptographic agent and passphrase cache (access for web browsers).
Mar  7 10:52:25 workstation systemd[752]: Listening on Sound System.
Mar  7 10:52:25 workstation systemd[752]: Listening on GnuPG cryptographic agent (ssh-agent emulation).
Mar  7 10:52:25 workstation systemd[752]: Reached target Timers.
Mar  7 10:52:25 workstation systemd[752]: Listening on GnuPG network certificate management daemon.
Mar  7 10:52:25 workstation systemd[752]: Listening on D-Bus User Message Bus Socket.
Mar  7 10:52:25 workstation systemd[752]: Reached target Sockets.
Mar  7 10:52:25 workstation systemd[752]: Reached target Basic System.
Mar  7 10:52:25 workstation systemd[752]: Reached target Default.
Mar  7 10:52:25 workstation systemd[752]: Startup finished in 148ms.
Mar  7 10:52:25 workstation systemd[1]: Started User Manager for UID 120.
Mar  7 10:52:26 workstation systemd[752]: Started D-Bus User Message Bus.
Mar  7 10:52:26 workstation dbus-daemon[822]: [session uid=120 pid=822] AppArmor D-Bus mediation is enabled
Mar  7 10:52:26 workstation dbus-daemon[822]: [session uid=120 pid=822] Activating service name='org.freedesktop.secrets' requested by ':1.13' (uid=120 pid=832 comm="/usr/bin/python3 /usr/share/session-migration/scri" label="unconfined")
Mar  7 10:52:26 workstation gnome-keyring-d[837]: couldn't access control socket: /run/user/120/keyring/control: No such file or directory
Mar  7 10:52:26 workstation dbus-daemon[822]: [session uid=120 pid=822] Successfully activated service 'org.freedesktop.secrets'
Mar  7 10:52:26 workstation dbus-daemon[529]: [system] Activating via systemd: service name='org.freedesktop.UPower' unit='upower.service' requested by ':1.29' (uid=120 pid=842 comm="/usr/bin/gnome-shell " label="unconfined")
Mar  7 10:52:26 workstation systemd[1]: Starting Daemon for power management...
Mar  7 10:52:26 workstation dbus-daemon[529]: [system] Successfully activated service 'org.freedesktop.UPower'
Mar  7 10:52:26 workstation systemd[1]: Started Daemon for power management.
Mar  7 10:52:26 workstation avahi-daemon[594]: Server startup complete. Host name is workstation.local. Local service cookie is 2883650236.
Mar  7 10:52:26 workstation org.gnome.Shell.desktop[842]: VMware: No 3D enabled (0, Success).
Mar  7 10:52:26 workstation org.gnome.Shell.desktop[842]: Disabling glamor and dri3, EGL setup failed
Mar  7 10:52:26 workstation org.gnome.Shell.desktop[842]: Failed to initialize glamor, falling back to sw
Mar  7 10:52:26 workstation dbus-daemon[822]: [session uid=120 pid=822] Activating via systemd: service name='org.a11y.Bus' unit='at-spi-dbus-bus.service' requested by ':1.16' (uid=120 pid=842 comm="/usr/bin/gnome-shell " label="unconfined")
Mar  7 10:52:26 workstation systemd[752]: Starting Accessibility services bus...
Mar  7 10:52:26 workstation dbus-daemon[822]: [session uid=120 pid=822] Successfully activated service 'org.a11y.Bus'
Mar  7 10:52:26 workstation systemd[752]: Started Accessibility services bus.
Mar  7 10:52:27 workstation at-spi-bus-launcher[871]: dbus-daemon[876]: Activating service name='org.a11y.atspi.Registry' requested by ':1.0' (uid=120 pid=842 comm="/usr/bin/gnome-shell " label="unconfined")
Mar  7 10:52:27 workstation systemd[752]: Starting Sound Service...
Mar  7 10:52:27 workstation NetworkManager[592]: <info>  [1709779947.0913] manager: NetworkManager state is now CONNECTED_GLOBAL
Mar  7 10:52:27 workstation nm-dispatcher: req:3 'connectivity-change': new request (1 scripts)
Mar  7 10:52:27 workstation nm-dispatcher: req:3 'connectivity-change': start running ordered scripts...
Mar  7 10:52:27 workstation whoopsie[735]: [10:52:27] The default IPv4 route is: /org/freedesktop/NetworkManager/ActiveConnection/1
Mar  7 10:52:27 workstation whoopsie[735]: [10:52:27] Not a paid data plan: /org/freedesktop/NetworkManager/ActiveConnection/1
Mar  7 10:52:27 workstation whoopsie[735]: [10:52:27] Found usable connection: /org/freedesktop/NetworkManager/ActiveConnection/1
Mar  7 10:52:27 workstation at-spi-bus-launcher[871]: dbus-daemon[876]: Successfully activated service 'org.a11y.atspi.Registry'
Mar  7 10:52:27 workstation at-spi-bus-launcher[871]: SpiRegistry daemon is running with well-known name - org.a11y.atspi.Registry
Mar  7 10:52:27 workstation dbus-daemon[529]: [system] Activating via systemd: service name='org.freedesktop.RealtimeKit1' unit='rtkit-daemon.service' requested by ':1.31' (uid=120 pid=880 comm="/usr/bin/pulseaudio --daemonize=no " label="unconfined")
Mar  7 10:52:27 workstation systemd[1]: Starting RealtimeKit Scheduling Policy Service...
Mar  7 10:52:27 workstation dbus-daemon[529]: [system] Successfully activated service 'org.freedesktop.RealtimeKit1'
Mar  7 10:52:27 workstation systemd[1]: Started RealtimeKit Scheduling Policy Service.
Mar  7 10:52:27 workstation rtkit-daemon[884]: Successfully called chroot.
Mar  7 10:52:27 workstation rtkit-daemon[884]: Successfully dropped privileges.
Mar  7 10:52:27 workstation rtkit-daemon[884]: Successfully limited resources.
Mar  7 10:52:27 workstation rtkit-daemon[884]: Running.
Mar  7 10:52:27 workstation rtkit-daemon[884]: Canary thread running.
Mar  7 10:52:27 workstation rtkit-daemon[884]: Watchdog thread running.
Mar  7 10:52:27 workstation pulseaudio[880]: N: [pulseaudio] alsa-util.c: Disabling timer-based scheduling because running inside a VM.
Mar  7 10:52:27 workstation pulseaudio[880]: W: [pulseaudio] sink.c: Default and alternate sample rates are the same.
Mar  7 10:52:27 workstation rtkit-daemon[884]: Supervising 0 threads of 0 processes of 1 users.
Mar  7 10:52:27 workstation rtkit-daemon[884]: message repeated 4 times: [ Supervising 0 threads of 0 processes of 1 users.]
Mar  7 10:52:27 workstation pulseaudio[880]: N: [pulseaudio] alsa-util.c: Disabling timer-based scheduling because running inside a VM.
Mar  7 10:52:27 workstation rtkit-daemon[884]: Supervising 0 threads of 0 processes of 1 users.
Mar  7 10:52:27 workstation rtkit-daemon[884]: message repeated 4 times: [ Supervising 0 threads of 0 processes of 1 users.]
Mar  7 10:52:27 workstation dbus-daemon[529]: [system] Activating via systemd: service name='org.bluez' unit='dbus-org.bluez.service' requested by ':1.53' (uid=120 pid=880 comm="/usr/bin/pulseaudio --daemonize=no " label="unconfined")
Mar  7 10:52:27 workstation avahi-daemon[594]: Joining mDNS multicast group on interface enp0s3.IPv6 with address fe80::f5e5:50cf:333:af36.
Mar  7 10:52:27 workstation avahi-daemon[594]: New relevant interface enp0s3.IPv6 for mDNS.
Mar  7 10:52:27 workstation avahi-daemon[594]: Registering new address record for fe80::f5e5:50cf:333:af36 on enp0s3.*.
Mar  7 10:52:27 workstation systemd[752]: Started Sound Service.
Mar  7 10:52:27 workstation org.gnome.Shell.desktop[842]: Window manager warning: HW cursor for format 875713089 not supported
Mar  7 10:52:27 workstation ModemManager[605]: <info>  Couldn't check support for device at '/sys/devices/pci0000:00/0000:00:03.0': not supported by any plugin
Mar  7 10:52:27 workstation pulseaudio[880]: E: [alsa-source-Intel ICH] alsa-source.c: ALSA woke us up to read new data from the device, but there was actually nothing to read.
Mar  7 10:52:27 workstation pulseaudio[880]: E: [alsa-source-Intel ICH] alsa-source.c: Most likely this is a bug in the ALSA driver 'snd_intel8x0'. Please report this issue to the ALSA developers.
Mar  7 10:52:27 workstation pulseaudio[880]: E: [alsa-source-Intel ICH] alsa-source.c: We were woken up with POLLIN set -- however a subsequent snd_pcm_avail() returned 0 or another value < min_avail.
Mar  7 10:52:28 workstation gnome-shell[842]: JS WARNING: [resource:///org/gnome/shell/ui/main.js 340]: reference to undefined property "MetaStage"
Mar  7 10:52:28 workstation gnome-shell[842]: JS WARNING: [resource:///org/gnome/shell/ui/layout.js 220]: reference to undefined property "MetaWindowGroup"
Mar  7 10:52:28 workstation gnome-shell[842]: JS WARNING: [resource:///org/gnome/shell/ui/osdMonitorLabeler.js 59]: reference to undefined property "MetaDBusDisplayConfigSkeleton"
Mar  7 10:52:28 workstation dbus-daemon[529]: [system] Activating via systemd: service name='org.freedesktop.locale1' unit='dbus-org.freedesktop.locale1.service' requested by ':1.29' (uid=120 pid=842 comm="/usr/bin/gnome-shell " label="unconfined")
Mar  7 10:52:28 workstation systemd[1]: Starting Locale Service...
Mar  7 10:52:28 workstation dbus-daemon[529]: [system] Successfully activated service 'org.freedesktop.locale1'
Mar  7 10:52:28 workstation systemd[1]: Started Locale Service.
Mar  7 10:52:28 workstation whoopsie[735]: [10:52:28] online
Mar  7 10:52:28 workstation dbus-daemon[822]: [session uid=120 pid=822] Activating service name='org.freedesktop.portal.IBus' requested by ':1.20' (uid=120 pid=925 comm="ibus-daemon --xim --panel disable " label="unconfined")
Mar  7 10:52:28 workstation dbus-daemon[822]: [session uid=120 pid=822] Successfully activated service 'org.freedesktop.portal.IBus'
Mar  7 10:52:28 workstation gnome-shell[842]: JS WARNING: [resource:///org/gnome/shell/ui/slider.js 38]: reference to undefined property "CallyActor"
Mar  7 10:52:28 workstation dbus-daemon[529]: [system] Activating via systemd: service name='org.freedesktop.GeoClue2' unit='geoclue.service' requested by ':1.29' (uid=120 pid=842 comm="/usr/bin/gnome-shell " label="unconfined")
Mar  7 10:52:28 workstation dbus-daemon[529]: [system] Activating via systemd: service name='org.freedesktop.bolt' unit='bolt.service' requested by ':1.29' (uid=120 pid=842 comm="/usr/bin/gnome-shell " label="unconfined")
Mar  7 10:52:28 workstation systemd[1]: Starting Thunderbolt system service...
Mar  7 10:52:28 workstation systemd[1]: Starting Location Lookup Service...
Mar  7 10:52:28 workstation dbus-daemon[529]: [system] Activating via systemd: service name='org.freedesktop.PackageKit' unit='packagekit.service' requested by ':1.29' (uid=120 pid=842 comm="/usr/bin/gnome-shell " label="unconfined")
Mar  7 10:52:28 workstation systemd[1]: Starting PackageKit Daemon...
Mar  7 10:52:28 workstation boltd[1058]: bolt 0.2 starting up.
Mar  7 10:52:28 workstation dbus-daemon[529]: [system] Successfully activated service 'org.freedesktop.GeoClue2'
Mar  7 10:52:28 workstation systemd[1]: Started Location Lookup Service.
Mar  7 10:52:28 workstation boltd[1058]: config: loading user config
Mar  7 10:52:28 workstation boltd[1058]: store: loading devices
Mar  7 10:52:28 workstation boltd[1058]: power: force_power support: no
Mar  7 10:52:28 workstation boltd[1058]: udev: enumerating devices
Mar  7 10:52:28 workstation dbus-daemon[529]: [system] Successfully activated service 'org.freedesktop.bolt'
Mar  7 10:52:28 workstation systemd[1]: Started Thunderbolt system service.
Mar  7 10:52:28 workstation spice-vdagent[1086]: Cannot access vdagent virtio channel /dev/virtio-ports/com.redhat.spice.0
Mar  7 10:52:29 workstation PackageKit: daemon start
Mar  7 10:52:29 workstation gnome-session[826]: gnome-session-binary[826]: WARNING: App 'spice-vdagent.desktop' exited with code 1
Mar  7 10:52:29 workstation gnome-session-binary[826]: WARNING: App 'spice-vdagent.desktop' exited with code 1
Mar  7 10:52:29 workstation dbus-daemon[529]: [system] Activating via systemd: service name='org.freedesktop.ColorManager' unit='colord.service' requested by ':1.60' (uid=120 pid=1102 comm="/usr/lib/gnome-settings-daemon/gsd-color " label="unconfined")
Mar  7 10:52:29 workstation systemd[1]: Starting Manage, Install and Generate Color Profiles...
Mar  7 10:52:29 workstation colord[1160]: failed to get edid data: EDID length is too small
Mar  7 10:52:29 workstation dbus-daemon[529]: [system] Successfully activated service 'org.freedesktop.PackageKit'
Mar  7 10:52:29 workstation systemd[1]: Started PackageKit Daemon.
Mar  7 10:52:29 workstation dbus-daemon[529]: [system] Successfully activated service 'org.freedesktop.ColorManager'
Mar  7 10:52:29 workstation systemd[1]: Started Manage, Install and Generate Color Profiles.
Mar  7 10:52:29 workstation gnome-session-binary[826]: Entering running state
Mar  7 10:52:29 workstation xbrlapi.desktop[1177]: openConnection: connect: No such file or directory
Mar  7 10:52:29 workstation xbrlapi.desktop[1177]: cannot connect to braille devices daemon brltty at :0
Mar  7 10:52:29 workstation systemd[1]: Reloading.
Mar  7 10:52:29 workstation systemd[1]: Mounting Mount unit for core...
Mar  7 10:52:29 workstation systemd[1]: Mounted Mount unit for core.
Mar  7 10:52:29 workstation gnome-shell[842]: Error looking up permission: GDBus.Error:org.freedesktop.DBus.Error.ServiceUnknown: The name org.freedesktop.impl.portal.PermissionStore was not provided by any .service files
Mar  7 10:52:29 workstation gsd-color[1102]: failed to get edid: unable to get EDID for output
Mar  7 10:52:29 workstation gsd-color[1102]: unable to get EDID for xrandr-Virtual-1: unable to get EDID for output
Mar  7 10:52:29 workstation kernel: [    8.292315] kauditd_printk_skb: 18 callbacks suppressed
Mar  7 10:52:29 workstation kernel: [    8.292317] audit: type=1400 audit(1709779949.948:29): apparmor="STATUS" operation="profile_load" profile="unconfined" name="/snap/core/4486/usr/lib/snapd/snap-confine" pid=1236 comm="apparmor_parser"
Mar  7 10:52:29 workstation kernel: [    8.292524] audit: type=1400 audit(1709779949.952:30): apparmor="STATUS" operation="profile_load" profile="unconfined" name="/snap/core/4486/usr/lib/snapd/snap-confine//mount-namespace-capture-helper" pid=1236 comm="apparmor_parser"
Mar  7 10:52:30 workstation kernel: [    8.353963] audit: type=1400 audit(1709779950.012:31): apparmor="STATUS" operation="profile_load" profile="unconfined" name="snap-update-ns.core" pid=1243 comm="apparmor_parser"
Mar  7 10:52:30 workstation kernel: [    8.420920] audit: type=1400 audit(1709779950.080:32): apparmor="STATUS" operation="profile_load" profile="unconfined" name="snap.core.hook.configure" pid=1245 comm="apparmor_parser"
Mar  7 10:52:30 workstation gnome-shell[842]: JS WARNING: [resource:///org/gnome/shell/ui/windowManager.js 1468]: reference to undefined property "MetaWindowXwayland"
Mar  7 10:52:30 workstation upowerd[847]: treating change event as add on /sys/devices/LNXSYSTM:00/LNXPWRBN:00/input/input0
Mar  7 10:52:30 workstation upowerd[847]: treating change event as add on /sys/devices/LNXSYSTM:00/LNXSYBUS:00/PNP0A03:00/LNXVIDEO:00/input/input4
Mar  7 10:52:30 workstation snapd[613]: 2024/03/07 10:52:30.330775 daemon.go:477: gracefully waiting for running hooks
Mar  7 10:52:30 workstation snapd[613]: 2024/03/07 10:52:30.330811 daemon.go:479: done waiting for running hooks
Mar  7 10:52:30 workstation upowerd[847]: treating change event as add on /sys/devices/LNXSYSTM:00/LNXSLPBN:00/input/input1
Mar  7 10:52:30 workstation NetworkManager[592]: <info>  [1709779950.3326] device changed (path: /sys/devices/pci0000:00/0000:00:03.0/net/enp0s3, iface: enp0s3)
